<html>
<body>
<pre>
<h1>µVision Build Log</h1>
<h2>Project:</h2>
E:\v25he5v5\Downloads\maj-pro\maj\maj.uvproj
Project File Date:  05/06/2026

<h2>Output:</h2>
Build target 'Target 1'
assembling Startup.s...
compiling uart0.c...
compiling uart1.c...
compiling rfid.c...
compiling extint.c...
extint.c(10): warning:  #61-D: integer operation result is out of range
extint.c:       PINSEL0 |= 1<<31;
extint.c:                     ^
extint.c(10): warning:  #68-D: integer conversion resulted in a change of sign
extint.c:       PINSEL0 |= 1<<31;
extint.c:                  ^
extint.c: extint.c: 2 warnings, 0 errors
compiling main.c...
compiling KPM.c...
compiling lcd.c...
lcd.c(9): warning:  #61-D: integer operation result is out of range
lcd.c:           WBYTE(IOPIN1,LCD_DATA,data);//EN=1
lcd.c:           ^
lcd.c(27): warning:  #61-D: integer operation result is out of range
lcd.c:           WBYTE(IODIR1,LCD_DATA,255);//p0.8 to p0.15 as o/p
lcd.c:           ^
lcd.c(27): warning:  #61-D: integer operation result is out of range
lcd.c:           WBYTE(IODIR1,LCD_DATA,255);//p0.8 to p0.15 as o/p
lcd.c:           ^
lcd.c(27): warning:  #68-D: integer conversion resulted in a change of sign
lcd.c:           WBYTE(IODIR1,LCD_DATA,255);//p0.8 to p0.15 as o/p
lcd.c:           ^
lcd.c: lcd.c: 4 warnings, 0 errors
compiling menu.c...
compiling cart.c...
compiling delay.c...
linking...
Program Size: Code=10028 RO-data=304 RW-data=44 ZI-data=1892  
"maj.axf" - 0 Error(s), 6 Warning(s).
Build target 'Target 1'
assembling Startup.s...
compiling uart0.c...
compiling uart1.c...
compiling rfid.c...
compiling extint.c...
extint.c(10): warning:  #61-D: integer operation result is out of range
extint.c:       PINSEL0 |= 1<<31;
extint.c:                     ^
extint.c(10): warning:  #68-D: integer conversion resulted in a change of sign
extint.c:       PINSEL0 |= 1<<31;
extint.c:                  ^
extint.c: extint.c: 2 warnings, 0 errors
compiling main.c...
compiling KPM.c...
compiling lcd.c...
lcd.c(9): warning:  #61-D: integer operation result is out of range
lcd.c:           WBYTE(IOPIN1,LCD_DATA,data);//EN=1
lcd.c:           ^
lcd.c(27): warning:  #61-D: integer operation result is out of range
lcd.c:           WBYTE(IODIR1,LCD_DATA,255);//p0.8 to p0.15 as o/p
lcd.c:           ^
lcd.c(27): warning:  #61-D: integer operation result is out of range
lcd.c:           WBYTE(IODIR1,LCD_DATA,255);//p0.8 to p0.15 as o/p
lcd.c:           ^
lcd.c(27): warning:  #68-D: integer conversion resulted in a change of sign
lcd.c:           WBYTE(IODIR1,LCD_DATA,255);//p0.8 to p0.15 as o/p
lcd.c:           ^
lcd.c: lcd.c: 4 warnings, 0 errors
compiling menu.c...
compiling cart.c...
compiling delay.c...
linking...
Program Size: Code=10300 RO-data=304 RW-data=44 ZI-data=1892  
FromELF: creating hex file...
"major_pr.axf" - 0 Error(s), 6 Warning(s).
Build target 'Target 1'
assembling Startup.s...
compiling uart0.c...
compiling uart1.c...
compiling rfid.c...
compiling extint.c...
extint.c(10): warning:  #61-D: integer operation result is out of range
extint.c:       PINSEL0 |= 1<<31;
extint.c:                     ^
extint.c(10): warning:  #68-D: integer conversion resulted in a change of sign
extint.c:       PINSEL0 |= 1<<31;
extint.c:                  ^
extint.c: extint.c: 2 warnings, 0 errors
compiling main.c...
compiling KPM.c...
compiling lcd.c...
lcd.c(9): warning:  #61-D: integer operation result is out of range
lcd.c:           WBYTE(IOPIN1,LCD_DATA,data);//EN=1
lcd.c:           ^
lcd.c(27): warning:  #61-D: integer operation result is out of range
lcd.c:           WBYTE(IODIR1,LCD_DATA,255);//p0.8 to p0.15 as o/p
lcd.c:           ^
lcd.c(27): warning:  #61-D: integer operation result is out of range
lcd.c:           WBYTE(IODIR1,LCD_DATA,255);//p0.8 to p0.15 as o/p
lcd.c:           ^
lcd.c(27): warning:  #68-D: integer conversion resulted in a change of sign
lcd.c:           WBYTE(IODIR1,LCD_DATA,255);//p0.8 to p0.15 as o/p
lcd.c:           ^
lcd.c: lcd.c: 4 warnings, 0 errors
compiling menu.c...
compiling cart.c...
cart.c(204): warning:  #223-D: function "wait_response" declared implicitly
cart.c:           if(!wait_response()) return;
cart.c:               ^
cart.c(273): warning:  #223-D: function "wait_response" declared implicitly
cart.c:           if(wait_response())
cart.c:              ^
cart.c: cart.c: 2 warnings, 0 errors
compiling delay.c...
linking...
major_pr.axf: Error: L6218E: Undefined symbol wait_response (referred from cart.o).
major_pr.axf: Not enough information to list image symbols.
major_pr.axf: Finished: 1 information, 0 warning and 1 error messages.
Target not created
Build target 'Target 1'
compiling cart.c...
linking...
Program Size: Code=10208 RO-data=304 RW-data=44 ZI-data=2612  
FromELF: creating hex file...
"major_pr.axf" - 0 Error(s), 0 Warning(s).
Build target 'Target 1'
compiling uart0.c...
compiling uart1.c...
compiling menu.c...
compiling cart.c...
linking...
Program Size: Code=10248 RO-data=304 RW-data=44 ZI-data=2612  
FromELF: creating hex file...
"major_pr.axf" - 0 Error(s), 0 Warning(s).
Build target 'Target 1'
assembling Startup.s...
compiling uart0.c...
compiling uart1.c...
compiling rfid.c...
compiling extint.c...
extint.c(10): warning:  #61-D: integer operation result is out of range
extint.c:       PINSEL0 |= 1<<31;
extint.c:                     ^
extint.c(10): warning:  #68-D: integer conversion resulted in a change of sign
extint.c:       PINSEL0 |= 1<<31;
extint.c:                  ^
extint.c: extint.c: 2 warnings, 0 errors
compiling main.c...
compiling KPM.c...
compiling lcd.c...
lcd.c(9): warning:  #61-D: integer operation result is out of range
lcd.c:           WBYTE(IOPIN1,LCD_DATA,data);//EN=1
lcd.c:           ^
lcd.c(27): warning:  #61-D: integer operation result is out of range
lcd.c:           WBYTE(IODIR1,LCD_DATA,255);//p0.8 to p0.15 as o/p
lcd.c:           ^
lcd.c(27): warning:  #61-D: integer operation result is out of range
lcd.c:           WBYTE(IODIR1,LCD_DATA,255);//p0.8 to p0.15 as o/p
lcd.c:           ^
lcd.c(27): warning:  #68-D: integer conversion resulted in a change of sign
lcd.c:           WBYTE(IODIR1,LCD_DATA,255);//p0.8 to p0.15 as o/p
lcd.c:           ^
lcd.c: lcd.c: 4 warnings, 0 errors
compiling menu.c...
compiling cart.c...
compiling delay.c...
linking...
Program Size: Code=10248 RO-data=304 RW-data=44 ZI-data=2612  
FromELF: creating hex file...
"major_pr.axf" - 0 Error(s), 6 Warning(s).
Build target 'Target 1'
assembling Startup.s...
compiling uart0.c...
compiling uart1.c...
compiling rfid.c...
compiling extint.c...
extint.c(10): warning:  #61-D: integer operation result is out of range
extint.c:       PINSEL0 |= 1<<31;
extint.c:                     ^
extint.c(10): warning:  #68-D: integer conversion resulted in a change of sign
extint.c:       PINSEL0 |= 1<<31;
extint.c:                  ^
extint.c: extint.c: 2 warnings, 0 errors
compiling main.c...
compiling KPM.c...
compiling lcd.c...
lcd.c(9): warning:  #61-D: integer operation result is out of range
lcd.c:           WBYTE(IOPIN1,LCD_DATA,data);//EN=1
lcd.c:           ^
lcd.c(27): warning:  #61-D: integer operation result is out of range
lcd.c:           WBYTE(IODIR1,LCD_DATA,255);//p0.8 to p0.15 as o/p
lcd.c:           ^
lcd.c(27): warning:  #61-D: integer operation result is out of range
lcd.c:           WBYTE(IODIR1,LCD_DATA,255);//p0.8 to p0.15 as o/p
lcd.c:           ^
lcd.c(27): warning:  #68-D: integer conversion resulted in a change of sign
lcd.c:           WBYTE(IODIR1,LCD_DATA,255);//p0.8 to p0.15 as o/p
lcd.c:           ^
lcd.c: lcd.c: 4 warnings, 0 errors
compiling menu.c...
compiling cart.c...
cart.c(97): warning:  #223-D: function "delay_ms" declared implicitly
cart.c:         delay_ms(1000);
cart.c:         ^
cart.c: cart.c: 1 warning, 0 errors
compiling delay.c...
linking...
Program Size: Code=10256 RO-data=304 RW-data=44 ZI-data=2612  
FromELF: creating hex file...
"major_pr.axf" - 0 Error(s), 7 Warning(s).
Build target 'Target 1'
assembling Startup.s...
compiling uart0.c...
compiling uart1.c...
compiling rfid.c...
compiling extint.c...
extint.c(10): warning:  #61-D: integer operation result is out of range
extint.c:       PINSEL0 |= 1<<31;
extint.c:                     ^
extint.c(10): warning:  #68-D: integer conversion resulted in a change of sign
extint.c:       PINSEL0 |= 1<<31;
extint.c:                  ^
extint.c: extint.c: 2 warnings, 0 errors
compiling main.c...
compiling KPM.c...
compiling lcd.c...
lcd.c(9): warning:  #61-D: integer operation result is out of range
lcd.c:           WBYTE(IOPIN1,LCD_DATA,data);//EN=1
lcd.c:           ^
lcd.c(27): warning:  #61-D: integer operation result is out of range
lcd.c:           WBYTE(IODIR1,LCD_DATA,255);//p0.8 to p0.15 as o/p
lcd.c:           ^
lcd.c(27): warning:  #61-D: integer operation result is out of range
lcd.c:           WBYTE(IODIR1,LCD_DATA,255);//p0.8 to p0.15 as o/p
lcd.c:           ^
lcd.c(27): warning:  #68-D: integer conversion resulted in a change of sign
lcd.c:           WBYTE(IODIR1,LCD_DATA,255);//p0.8 to p0.15 as o/p
lcd.c:           ^
lcd.c: lcd.c: 4 warnings, 0 errors
compiling menu.c...
compiling cart.c...
cart.c(97): warning:  #223-D: function "delay_ms" declared implicitly
cart.c:         delay_ms(1000);
cart.c:         ^
cart.c: cart.c: 1 warning, 0 errors
compiling delay.c...
linking...
Program Size: Code=10264 RO-data=304 RW-data=44 ZI-data=2612  
FromELF: creating hex file...
"major_pr.axf" - 0 Error(s), 7 Warning(s).
Build target 'Target 1'
assembling Startup.s...
compiling uart0.c...
compiling uart1.c...
compiling rfid.c...
compiling extint.c...
extint.c(10): warning:  #61-D: integer operation result is out of range
extint.c:       PINSEL0 |= 1<<31;
extint.c:                     ^
extint.c(10): warning:  #68-D: integer conversion resulted in a change of sign
extint.c:       PINSEL0 |= 1<<31;
extint.c:                  ^
extint.c: extint.c: 2 warnings, 0 errors
compiling main.c...
compiling KPM.c...
compiling lcd.c...
lcd.c(9): warning:  #61-D: integer operation result is out of range
lcd.c:           WBYTE(IOPIN1,LCD_DATA,data);//EN=1
lcd.c:           ^
lcd.c(27): warning:  #61-D: integer operation result is out of range
lcd.c:           WBYTE(IODIR1,LCD_DATA,255);//p0.8 to p0.15 as o/p
lcd.c:           ^
lcd.c(27): warning:  #61-D: integer operation result is out of range
lcd.c:           WBYTE(IODIR1,LCD_DATA,255);//p0.8 to p0.15 as o/p
lcd.c:           ^
lcd.c(27): warning:  #68-D: integer conversion resulted in a change of sign
lcd.c:           WBYTE(IODIR1,LCD_DATA,255);//p0.8 to p0.15 as o/p
lcd.c:           ^
lcd.c: lcd.c: 4 warnings, 0 errors
compiling menu.c...
compiling cart.c...
cart.c(97): warning:  #223-D: function "delay_ms" declared implicitly
cart.c:         delay_ms(1000);
cart.c:         ^
cart.c: cart.c: 1 warning, 0 errors
compiling delay.c...
linking...
Program Size: Code=10280 RO-data=304 RW-data=44 ZI-data=2612  
FromELF: creating hex file...
"major_pr.axf" - 0 Error(s), 7 Warning(s).
Build target 'Target 1'
compiling cart.c...
cart.c(97): warning:  #223-D: function "delay_ms" declared implicitly
cart.c:         delay_ms(1000);
cart.c:         ^
cart.c(170): warning:  #223-D: function "delay_ms" declared implicitly
cart.c:         delay_ms(100);
cart.c:         ^
cart.c: cart.c: 2 warnings, 0 errors
linking...
Program Size: Code=10304 RO-data=304 RW-data=44 ZI-data=2612  
FromELF: creating hex file...
"major_pr.axf" - 0 Error(s), 2 Warning(s).
Build target 'Target 1'
assembling Startup.s...
compiling uart0.c...
compiling uart1.c...
compiling rfid.c...
compiling extint.c...
extint.c(10): warning:  #61-D: integer operation result is out of range
extint.c:       PINSEL0 |= 1<<31;
extint.c:                     ^
extint.c(10): warning:  #68-D: integer conversion resulted in a change of sign
extint.c:       PINSEL0 |= 1<<31;
extint.c:                  ^
extint.c: extint.c: 2 warnings, 0 errors
compiling main.c...
compiling KPM.c...
compiling lcd.c...
lcd.c(9): warning:  #61-D: integer operation result is out of range
lcd.c:           WBYTE(IOPIN1,LCD_DATA,data);//EN=1
lcd.c:           ^
lcd.c(27): warning:  #61-D: integer operation result is out of range
lcd.c:           WBYTE(IODIR1,LCD_DATA,255);//p0.8 to p0.15 as o/p
lcd.c:           ^
lcd.c(27): warning:  #61-D: integer operation result is out of range
lcd.c:           WBYTE(IODIR1,LCD_DATA,255);//p0.8 to p0.15 as o/p
lcd.c:           ^
lcd.c(27): warning:  #68-D: integer conversion resulted in a change of sign
lcd.c:           WBYTE(IODIR1,LCD_DATA,255);//p0.8 to p0.15 as o/p
lcd.c:           ^
lcd.c: lcd.c: 4 warnings, 0 errors
compiling menu.c...
compiling cart.c...
cart.c(97): warning:  #223-D: function "delay_ms" declared implicitly
cart.c:         delay_ms(1000);
cart.c:         ^
cart.c(170): warning:  #223-D: function "delay_ms" declared implicitly
cart.c:         delay_ms(100);
cart.c:         ^
cart.c: cart.c: 2 warnings, 0 errors
compiling delay.c...
linking...
Program Size: Code=10328 RO-data=304 RW-data=44 ZI-data=2612  
FromELF: creating hex file...
"major_pr.axf" - 0 Error(s), 8 Warning(s).
