<html>
<body>
<pre>
<h1>µVision Build Log</h1>
<h2>Project:</h2>
E:\v25he5v5\Downloads\maj-pro\maj\maj.uvproj
Project File Date:  05/07/2026

<h2>Output:</h2>
Build target 'Target 1'
compiling lcd.c...
lcd.c(9): warning:  #61-D: integer operation result is out of range
lcd.c:           WBYTE(IOPIN1,LCD_DATA,data);//EN=1
lcd.c:           ^
lcd.c(27): warning:  #61-D: integer operation result is out of range
lcd.c:           WBYTE(IODIR1,LCD_DATA,255);//p0.8 to p0.15 as o/p
lcd.c:           ^
lcd.c(27): warning:  #61-D: integer operation result is out of range
lcd.c:           WBYTE(IODIR1,LCD_DATA,255);//p0.8 to p0.15 as o/p
lcd.c:           ^
lcd.c(27): warning:  #68-D: integer conversion resulted in a change of sign
lcd.c:           WBYTE(IODIR1,LCD_DATA,255);//p0.8 to p0.15 as o/p
lcd.c:           ^
lcd.c: lcd.c: 4 warnings, 0 errors
compiling cart1.c...
linking...
Program Size: Code=11204 RO-data=304 RW-data=44 ZI-data=2612  
FromELF: creating hex file...
"major_pr.axf" - 0 Error(s), 4 Warning(s).
Build target 'Target 1'
linking...
Program Size: Code=11204 RO-data=304 RW-data=44 ZI-data=2612  
FromELF: creating hex file...
"major_pr.axf" - 0 Error(s), 0 Warning(s).
