ARM Linker, 4.1 [Build 481] [Evaluation]

==============================================================================

Section Cross References

    startup.o(STACK) refers (Special) to heapauxi.o(.text) for __use_two_region_memory
    startup.o(HEAP) refers (Special) to heapauxi.o(.text) for __use_two_region_memory
    startup.o(RESET) refers (Special) to heapauxi.o(.text) for __use_two_region_memory
    startup.o(RESET) refers to startup.o(STACK) for Stack_Top
    startup.o(RESET) refers to __main.o(!!!main) for __main
    startup.o(.text) refers (Special) to heapauxi.o(.text) for __use_two_region_memory
    startup.o(.text) refers to startup.o(HEAP) for Heap_Mem
    startup.o(.text) refers to startup.o(STACK) for Stack_Mem
    uart0.o(.text) refers to rt_memclr.o(.text) for __aeabi_memclr
    uart0.o(.text) refers to uart0.o(.bss) for rx_buf
    uart0.o(.text) refers to uart0.o(.data) for rx_index
    uart1.o(.text) refers to rfid.o(.text) for UART1_isr
    rfid.o(.text) refers to rt_memclr.o(.text) for __aeabi_memclr
    rfid.o(.text) refers to rfid.o(.data) for i
    rfid.o(.text) refers to rfid.o(.bss) for buff
    extint.o(.text) refers to main.o(.data) for state
    main.o(.text) refers to lcd.o(.text) for Init_LCD
    main.o(.text) refers to kpm.o(.text) for InitKPM
    main.o(.text) refers to uart0.o(.text) for uart0_init
    main.o(.text) refers to uart1.o(.text) for InitUART1
    main.o(.text) refers to extint.o(.text) for ext_init
    main.o(.text) refers to delay.o(.text) for delay_ms
    main.o(.text) refers to menu.o(.text) for show_menu
    main.o(.text) refers to cart.o(.text) for add_item
    main.o(.text) refers to main.o(.data) for state
    kpm.o(.text) refers to lcd.o(.text) for CmdLCD
    kpm.o(.text) refers to delay.o(.text) for delay_ms
    kpm.o(.text) refers to aeabi_sdiv.o(.text_udiv) for __aeabi_uidivmod
    kpm.o(.text) refers to kpm.o(.data) for kpmLUT
    lcd.o(.text) refers to delay.o(.text) for delay_us
    lcd.o(.text) refers to aeabi_sdiv.o(.text_udiv) for __aeabi_uidivmod
    lcd.o(.text) refers to fleqf.o(x$fpl$fleqf) for __aeabi_cfcmple
    lcd.o(.text) refers to ffixu.o(x$fpl$ffixu) for __aeabi_f2uiz
    lcd.o(.text) refers to fflt_noclz.o(x$fpl$ffltu) for __aeabi_ui2f
    lcd.o(.text) refers to faddsub_noclz.o(x$fpl$frsb) for __aeabi_frsub
    lcd.o(.text) refers to fmul.o(x$fpl$fmul) for __aeabi_fmul
    menu.o(.text) refers to lcd.o(.text) for CmdLCD
    cart.o(.text) refers to _scanf_int.o(.text) for _scanf_int
    cart.o(.text) refers to _printf_percent.o(.ARM.Collect$$_printf_percent$$00000000) for _printf_percent
    cart.o(.text) refers to _printf_d.o(.ARM.Collect$$_printf_percent$$00000009) for _printf_d
    cart.o(.text) refers to _printf_s.o(.ARM.Collect$$_printf_percent$$00000014) for _printf_s
    cart.o(.text) refers to _printf_dec.o(.text) for _printf_int_dec
    cart.o(.text) refers to _printf_str.o(.text) for _printf_str
    cart.o(.text) refers to lcd.o(.text) for CmdLCD
    cart.o(.text) refers to strcpy.o(.text) for strcpy
    cart.o(.text) refers to strcmp.o(.text) for strcmp
    cart.o(.text) refers to uart0.o(.text) for uart0_tx
    cart.o(.text) refers to __0sscanf.o(.text) for __0sscanf
    cart.o(.text) refers to rt_memcpy_w.o(.text) for __aeabi_memcpy4
    cart.o(.text) refers to uart0.o(.data) for msg_ready
    cart.o(.text) refers to rfid.o(.data) for r_flag
    cart.o(.text) refers to rfid.o(.bss) for buff
    cart.o(.text) refers to main.o(.data) for state
    cart.o(.text) refers to uart0.o(.bss) for rx_buf
    cart.o(.text) refers to cart.o(.data) for count
    cart.o(.text) refers to cart.o(.bss) for items
    cart.o(.text) refers to kpm.o(.text) for KeyScan
    cart.o(.text) refers to noretval__2sprintf.o(.text) for __2sprintf
    __2sprintf.o(.text) refers to _printf_char_common.o(.text) for _printf_char_common
    __2sprintf.o(.text) refers to _sputc.o(.text) for _sputc
    noretval__2sprintf.o(.text) refers to _printf_char_common.o(.text) for _printf_char_common
    noretval__2sprintf.o(.text) refers to _sputc.o(.text) for _sputc
    __printf.o(.text) refers to __printf.o(i.__ARM_common_call_via_r1) for __ARM_common_call_via_r1
    __printf.o(.text) refers to _printf_percent.o(.ARM.Collect$$_printf_percent$$00000000) for _printf_percent
    __printf.o(.text) refers to __printf.o(i.__ARM_common_call_via_r2) for __ARM_common_call_via_r2
    _printf_str.o(.text) refers (Special) to _printf_char.o(.text) for _printf_cs_common
    _printf_str.o(.text) refers to __printf.o(i.__ARM_common_call_via_r2) for __ARM_common_call_via_r2
    _printf_dec.o(.text) refers to rtudiv10.o(.text) for __rt_udiv10
    _printf_dec.o(.text) refers to _printf_intcommon.o(.text) for _printf_int_common
    __printf_flags.o(.text) refers to __printf.o(i.__ARM_common_call_via_r1) for __ARM_common_call_via_r1
    __printf_flags.o(.text) refers to _printf_percent.o(.ARM.Collect$$_printf_percent$$00000000) for _printf_percent
    __printf_flags.o(.text) refers to __printf.o(i.__ARM_common_call_via_r2) for __ARM_common_call_via_r2
    __printf_flags.o(.text) refers to __printf_flags.o(.constdata) for .constdata
    __printf_ss.o(.text) refers to __printf.o(i.__ARM_common_call_via_r1) for __ARM_common_call_via_r1
    __printf_ss.o(.text) refers to _printf_percent.o(.ARM.Collect$$_printf_percent$$00000000) for _printf_percent
    __printf_ss.o(.text) refers to __printf.o(i.__ARM_common_call_via_r2) for __ARM_common_call_via_r2
    __printf_flags_ss.o(.text) refers to __printf.o(i.__ARM_common_call_via_r1) for __ARM_common_call_via_r1
    __printf_flags_ss.o(.text) refers to _printf_percent.o(.ARM.Collect$$_printf_percent$$00000000) for _printf_percent
    __printf_flags_ss.o(.text) refers to __printf.o(i.__ARM_common_call_via_r2) for __ARM_common_call_via_r2
    __printf_flags_ss.o(.text) refers to __printf_flags_ss.o(.constdata) for .constdata
    __printf_wp.o(.text) refers to __printf.o(i.__ARM_common_call_via_r1) for __ARM_common_call_via_r1
    __printf_wp.o(.text) refers to _printf_percent.o(.ARM.Collect$$_printf_percent$$00000000) for _printf_percent
    __printf_wp.o(.text) refers to __printf.o(i.__ARM_common_call_via_r2) for __ARM_common_call_via_r2
    __printf_flags_wp.o(.text) refers to __printf.o(i.__ARM_common_call_via_r1) for __ARM_common_call_via_r1
    __printf_flags_wp.o(.text) refers to _printf_percent.o(.ARM.Collect$$_printf_percent$$00000000) for _printf_percent
    __printf_flags_wp.o(.text) refers to __printf.o(i.__ARM_common_call_via_r2) for __ARM_common_call_via_r2
    __printf_flags_wp.o(.text) refers to __printf_flags_wp.o(.constdata) for .constdata
    __printf_ss_wp.o(.text) refers to __printf.o(i.__ARM_common_call_via_r1) for __ARM_common_call_via_r1
    __printf_ss_wp.o(.text) refers to _printf_percent.o(.ARM.Collect$$_printf_percent$$00000000) for _printf_percent
    __printf_ss_wp.o(.text) refers to __printf.o(i.__ARM_common_call_via_r2) for __ARM_common_call_via_r2
    __printf_flags_ss_wp.o(.text) refers to __printf.o(i.__ARM_common_call_via_r1) for __ARM_common_call_via_r1
    __printf_flags_ss_wp.o(.text) refers to _printf_percent.o(.ARM.Collect$$_printf_percent$$00000000) for _printf_percent
    __printf_flags_ss_wp.o(.text) refers to __printf.o(i.__ARM_common_call_via_r2) for __ARM_common_call_via_r2
    __printf_flags_ss_wp.o(.text) refers to __printf_flags_ss_wp.o(.constdata) for .constdata
    _printf_s.o(.ARM.Collect$$_printf_percent$$00000014) refers (Weak) to _printf_char.o(.text) for _printf_string
    _printf_d.o(.ARM.Collect$$_printf_percent$$00000009) refers (Weak) to _printf_dec.o(.text) for _printf_int_dec
    _printf_percent.o(.ARM.Collect$$_printf_percent$$00000000) refers (Special) to _printf_percent_end.o(.ARM.Collect$$_printf_percent$$00000017) for _printf_percent_end
    __0sscanf.o(.text) refers to scanf_char.o(.text) for __vfscanf_char
    __0sscanf.o(.text) refers to _sgetc.o(.text) for _sgetc
    _scanf_int.o(.text) refers to __printf.o(i.__ARM_common_call_via_r1) for __ARM_common_call_via_r1
    _scanf_int.o(.text) refers to _chval.o(.text) for _chval
    rt_memclr.o(.text) refers to rt_memclr_w.o(.text) for _memset_w
    aeabi_sdiv.o(.text_udiv) refers to aeabi_sdiv.o(.text) for __arm_div2
    aeabi_sdiv_div0.o(.text_udiv) refers to aeabi_sdiv_div0.o(.text) for __arm_div2
    __main.o(!!!main) refers to rtentry.o(.ARM.Collect$$rtentry$$00000000) for __rt_entry
    faddsub_noclz.o(x$fpl$fadd) refers (Special) to usenofp.o(x$fpl$usenofp) for __I$use$fp
    faddsub_noclz.o(x$fpl$fadd) refers to faddsub_noclz.o(x$fpl$fsub) for _fsub1
    faddsub_noclz.o(x$fpl$fadd) refers to fretinf.o(x$fpl$fretinf) for __fpl_fretinf
    faddsub_noclz.o(x$fpl$fadd) refers to fnaninf.o(x$fpl$fnaninf) for __fpl_fnaninf
    faddsub_noclz.o(x$fpl$frsb) refers (Special) to usenofp.o(x$fpl$usenofp) for __I$use$fp
    faddsub_noclz.o(x$fpl$frsb) refers to faddsub_noclz.o(x$fpl$fadd) for _fadd1
    faddsub_noclz.o(x$fpl$frsb) refers to faddsub_noclz.o(x$fpl$fsub) for _fsub1
    faddsub_noclz.o(x$fpl$fsub) refers (Special) to usenofp.o(x$fpl$usenofp) for __I$use$fp
    faddsub_noclz.o(x$fpl$fsub) refers to faddsub_noclz.o(x$fpl$fadd) for _fadd1
    faddsub_noclz.o(x$fpl$fsub) refers to fnaninf.o(x$fpl$fnaninf) for __fpl_fnaninf
    ffixu.o(x$fpl$ffixu) refers (Special) to usenofp.o(x$fpl$usenofp) for __I$use$fp
    ffixu.o(x$fpl$ffixu) refers to fnaninf.o(x$fpl$fnaninf) for __fpl_fnaninf
    ffixu.o(x$fpl$ffixur) refers (Special) to usenofp.o(x$fpl$usenofp) for __I$use$fp
    ffixu.o(x$fpl$ffixur) refers to fnaninf.o(x$fpl$fnaninf) for __fpl_fnaninf
    fflt_noclz.o(x$fpl$ffltu) refers (Special) to usenofp.o(x$fpl$usenofp) for __I$use$fp
    fflt_noclz.o(x$fpl$ffltu) refers to fflt_noclz.o(x$fpl$fflt) for __fflt_normalise
    fflt_noclz.o(x$fpl$fflt) refers (Special) to usenofp.o(x$fpl$usenofp) for __I$use$fp
    fleqf.o(x$fpl$fleqf) refers (Special) to usenofp.o(x$fpl$usenofp) for __I$use$fp
    fleqf.o(x$fpl$fleqf) refers to fnaninf.o(x$fpl$fnaninf) for __fpl_fnaninf
    fleqf.o(x$fpl$fleqf) refers to fcmpi.o(x$fpl$fcmpinf) for __fpl_fcmp_Inf
    fmul.o(x$fpl$fmul) refers (Special) to usenofp.o(x$fpl$usenofp) for __I$use$fp
    fmul.o(x$fpl$fmul) refers to fretinf.o(x$fpl$fretinf) for __fpl_fretinf
    fmul.o(x$fpl$fmul) refers to fnaninf.o(x$fpl$fnaninf) for __fpl_fnaninf
    rtentry.o(.ARM.Collect$$rtentry$$00000000) refers (Special) to rtentry2.o(.ARM.Collect$$rtentry$$0000000A) for __rt_entry_li
    rtentry.o(.ARM.Collect$$rtentry$$00000000) refers (Special) to rtentry2.o(.ARM.Collect$$rtentry$$0000000D) for __rt_entry_main
    rtentry.o(.ARM.Collect$$rtentry$$00000000) refers (Special) to rtentry2.o(.ARM.Collect$$rtentry$$0000000C) for __rt_entry_postli_1
    rtentry.o(.ARM.Collect$$rtentry$$00000000) refers (Special) to rtentry2.o(.ARM.Collect$$rtentry$$00000009) for __rt_entry_postsh_1
    rtentry.o(.ARM.Collect$$rtentry$$00000000) refers (Special) to rtentry2.o(.ARM.Collect$$rtentry$$00000002) for __rt_entry_presh_1
    rtentry.o(.ARM.Collect$$rtentry$$00000000) refers (Special) to rtentry4.o(.ARM.Collect$$rtentry$$00000004) for __rt_entry_sh
    rtentry.o(.ARM.exidx) refers (Special) to rtentry2.o(.ARM.Collect$$rtentry$$0000000A) for __rt_entry_li
    rtentry.o(.ARM.exidx) refers (Special) to rtentry2.o(.ARM.Collect$$rtentry$$0000000D) for __rt_entry_main
    rtentry.o(.ARM.exidx) refers (Special) to rtentry2.o(.ARM.Collect$$rtentry$$0000000C) for __rt_entry_postli_1
    rtentry.o(.ARM.exidx) refers (Special) to rtentry2.o(.ARM.Collect$$rtentry$$00000009) for __rt_entry_postsh_1
    rtentry.o(.ARM.exidx) refers (Special) to rtentry2.o(.ARM.Collect$$rtentry$$00000002) for __rt_entry_presh_1
    rtentry.o(.ARM.exidx) refers (Special) to rtentry4.o(.ARM.Collect$$rtentry$$00000004) for __rt_entry_sh
    rtentry.o(.ARM.exidx) refers to rtentry.o(.ARM.Collect$$rtentry$$00000000) for .ARM.Collect$$rtentry$$00000000
    aeabi_idiv0_sigfpe.o(.text) refers to rt_div0.o(.text) for __rt_div0
    _printf_intcommon.o(.text) refers to __printf.o(i.__ARM_common_call_via_r2) for __ARM_common_call_via_r2
    _printf_char_common.o(.text) refers to __printf.o(.text) for __printf
    _printf_char.o(.text) refers (Weak) to _printf_str.o(.text) for _printf_str
    scanf_char.o(.text) refers to _scanf.o(.text) for __vfscanf
    scanf_char.o(.text) refers to isspace.o(.text) for isspace
    fcmpi.o(x$fpl$fcmpinf) refers (Special) to usenofp.o(x$fpl$usenofp) for __I$use$fp
    fnaninf.o(x$fpl$fnaninf) refers (Special) to usenofp.o(x$fpl$usenofp) for __I$use$fp
    fretinf.o(x$fpl$fretinf) refers (Special) to usenofp.o(x$fpl$usenofp) for __I$use$fp
    rtentry2.o(.ARM.Collect$$rtentry$$00000008) refers to boardinit2.o(.text) for _platform_post_stackheap_init
    rtentry2.o(.ARM.Collect$$rtentry$$0000000A) refers to libinit.o(.ARM.Collect$$libinit$$00000000) for __rt_lib_init
    rtentry2.o(.ARM.Collect$$rtentry$$0000000B) refers to boardinit3.o(.text) for _platform_post_lib_init
    rtentry2.o(.ARM.Collect$$rtentry$$0000000D) refers to exit.o(.text) for exit
    rtentry2.o(.ARM.Collect$$rtentry$$0000000D) refers to main.o(.text) for main
    rtentry2.o(.ARM.exidx) refers to rtentry2.o(.ARM.Collect$$rtentry$$00000001) for .ARM.Collect$$rtentry$$00000001
    rtentry2.o(.ARM.exidx) refers to rtentry2.o(.ARM.Collect$$rtentry$$00000002) for .ARM.Collect$$rtentry$$00000002
    rtentry2.o(.ARM.exidx) refers to rtentry2.o(.ARM.Collect$$rtentry$$00000008) for .ARM.Collect$$rtentry$$00000008
    rtentry2.o(.ARM.exidx) refers to rtentry2.o(.ARM.Collect$$rtentry$$00000009) for .ARM.Collect$$rtentry$$00000009
    rtentry2.o(.ARM.exidx) refers to rtentry2.o(.ARM.Collect$$rtentry$$0000000A) for .ARM.Collect$$rtentry$$0000000A
    rtentry2.o(.ARM.exidx) refers to rtentry2.o(.ARM.Collect$$rtentry$$0000000B) for .ARM.Collect$$rtentry$$0000000B
    rtentry2.o(.ARM.exidx) refers to rtentry2.o(.ARM.Collect$$rtentry$$0000000C) for .ARM.Collect$$rtentry$$0000000C
    rtentry2.o(.ARM.exidx) refers to rtentry2.o(.ARM.Collect$$rtentry$$0000000D) for .ARM.Collect$$rtentry$$0000000D
    rtentry4.o(.ARM.Collect$$rtentry$$00000004) refers to sys_stackheap_outer.o(.text) for __user_setup_stackheap
    rtentry4.o(.ARM.exidx) refers to rtentry4.o(.ARM.Collect$$rtentry$$00000004) for .ARM.Collect$$rtentry$$00000004
    rt_div0.o(.text) refers to defsig_fpe_outer.o(.text) for __rt_SIGFPE
    isspace.o(.text) refers to rt_ctype_table.o(.text) for __rt_ctype_table
    __printf_nopercent.o(.text) refers to __printf_nopercent.o(i.__ARM_common_call_via_r7) for __ARM_common_call_via_r7
    __printf_nopercent.o(.text) refers to __printf_nopercent.o(i.__ARM_common_call_via_r5) for __ARM_common_call_via_r5
    _scanf.o(.text) refers to __printf.o(i.__ARM_common_call_via_r2) for __ARM_common_call_via_r2
    _scanf.o(.text) refers to __printf.o(i.__ARM_common_call_via_r1) for __ARM_common_call_via_r1
    _scanf.o(.text) refers (Weak) to _scanf_int.o(.text) for _scanf_int
    sys_stackheap_outer.o(.text) refers to libspace.o(.text) for __user_perproc_libspace
    sys_stackheap_outer.o(.text) refers to startup.o(.text) for __user_initial_stackheap
    rt_ctype_table.o(.text) refers to rt_locale_intlibspace.o(.text) for __rt_locale
    rt_ctype_table.o(.text) refers to lc_ctype_c.o(locale$$code) for _get_lc_ctype
    exit.o(.text) refers to rtexit.o(.ARM.Collect$$rtexit$$00000000) for __rt_exit
    defsig_fpe_outer.o(.text) refers to defsig_fpe_inner.o(.text) for __rt_SIGFPE_inner
    defsig_fpe_outer.o(.text) refers to defsig_exit.o(.text) for __sig_exit
    defsig_fpe_formal.o(.text) refers to rt_raise.o(.text) for __rt_raise
    libinit.o(.ARM.Collect$$libinit$$00000000) refers (Special) to libinit2.o(.ARM.Collect$$libinit$$0000002A) for __rt_lib_init_alloca_1
    libinit.o(.ARM.Collect$$libinit$$00000000) refers (Special) to libinit2.o(.ARM.Collect$$libinit$$00000028) for __rt_lib_init_argv_1
    libinit.o(.ARM.Collect$$libinit$$00000000) refers (Special) to libinit2.o(.ARM.Collect$$libinit$$00000017) for __rt_lib_init_atexit_1
    libinit.o(.ARM.Collect$$libinit$$00000000) refers (Special) to libinit2.o(.ARM.Collect$$libinit$$0000001D) for __rt_lib_init_clock_1
    libinit.o(.ARM.Collect$$libinit$$00000000) refers (Special) to libinit2.o(.ARM.Collect$$libinit$$0000002E) for __rt_lib_init_cpp_1
    libinit.o(.ARM.Collect$$libinit$$00000000) refers (Special) to libinit2.o(.ARM.Collect$$libinit$$0000002C) for __rt_lib_init_exceptions_1
    libinit.o(.ARM.Collect$$libinit$$00000000) refers (Special) to libinit2.o(.ARM.Collect$$libinit$$0000001B) for __rt_lib_init_fp_trap_1
    libinit.o(.ARM.Collect$$libinit$$00000000) refers (Special) to libinit2.o(.ARM.Collect$$libinit$$0000001F) for __rt_lib_init_getenv_1
    libinit.o(.ARM.Collect$$libinit$$00000000) refers (Special) to libinit2.o(.ARM.Collect$$libinit$$00000006) for __rt_lib_init_heap_1
    libinit.o(.ARM.Collect$$libinit$$00000000) refers (Special) to libinit2.o(.ARM.Collect$$libinit$$0000000D) for __rt_lib_init_lc_collate_1
    libinit.o(.ARM.Collect$$libinit$$00000000) refers (Special) to libinit2.o(.ARM.Collect$$libinit$$0000000F) for __rt_lib_init_lc_ctype_1
    libinit.o(.ARM.Collect$$libinit$$00000000) refers (Special) to libinit2.o(.ARM.Collect$$libinit$$00000011) for __rt_lib_init_lc_monetary_1
    libinit.o(.ARM.Collect$$libinit$$00000000) refers (Special) to libinit2.o(.ARM.Collect$$libinit$$00000013) for __rt_lib_init_lc_numeric_1
    libinit.o(.ARM.Collect$$libinit$$00000000) refers (Special) to libinit2.o(.ARM.Collect$$libinit$$00000015) for __rt_lib_init_lc_time_1
    libinit.o(.ARM.Collect$$libinit$$00000000) refers (Special) to libinit2.o(.ARM.Collect$$libinit$$0000000A) for __rt_lib_init_rand_1
    libinit.o(.ARM.Collect$$libinit$$00000000) refers (Special) to libinit2.o(.ARM.Collect$$libinit$$0000002F) for __rt_lib_init_return
    libinit.o(.ARM.Collect$$libinit$$00000000) refers (Special) to libinit2.o(.ARM.Collect$$libinit$$00000019) for __rt_lib_init_signal_1
    libinit.o(.ARM.Collect$$libinit$$00000000) refers (Special) to libinit2.o(.ARM.Collect$$libinit$$00000021) for __rt_lib_init_stdio_1
    libinit.o(.ARM.Collect$$libinit$$00000000) refers (Special) to libinit2.o(.ARM.Collect$$libinit$$00000008) for __rt_lib_init_user_alloc_1
    libinit.o(.ARM.Collect$$libinit$$00000000) refers to fpinit.o(x$fpl$fpinit) for _fp_init
    libspace.o(.text) refers to libspace.o(.bss) for __libspace_start
    rtexit.o(.ARM.Collect$$rtexit$$00000000) refers (Special) to rtexit2.o(.ARM.Collect$$rtexit$$00000004) for __rt_exit_exit
    rtexit.o(.ARM.Collect$$rtexit$$00000000) refers (Special) to rtexit2.o(.ARM.Collect$$rtexit$$00000003) for __rt_exit_ls
    rtexit.o(.ARM.Collect$$rtexit$$00000000) refers (Special) to rtexit2.o(.ARM.Collect$$rtexit$$00000002) for __rt_exit_prels_1
    rtexit.o(.ARM.exidx) refers (Special) to rtexit2.o(.ARM.Collect$$rtexit$$00000004) for __rt_exit_exit
    rtexit.o(.ARM.exidx) refers (Special) to rtexit2.o(.ARM.Collect$$rtexit$$00000003) for __rt_exit_ls
    rtexit.o(.ARM.exidx) refers (Special) to rtexit2.o(.ARM.Collect$$rtexit$$00000002) for __rt_exit_prels_1
    rtexit.o(.ARM.exidx) refers to rtexit.o(.ARM.Collect$$rtexit$$00000000) for .ARM.Collect$$rtexit$$00000000
    rt_raise.o(.text) refers to __raise.o(.text) for __raise
    rt_raise.o(.text) refers to sys_exit.o(.text) for _sys_exit
    rt_locale.o(.text) refers to rt_locale.o(.bss) for __rt_locale_data
    rt_locale_intlibspace.o(.text) refers to libspace.o(.bss) for __libspace_start
    lc_ctype_c.o(locale$$data) refers (Special) to libinit2.o(.ARM.Collect$$libinit$$0000000E) for __rt_lib_init_lc_ctype_2
    lc_ctype_c.o(locale$$code) refers (Special) to libinit2.o(.ARM.Collect$$libinit$$0000000E) for __rt_lib_init_lc_ctype_2
    lc_ctype_c.o(locale$$code) refers to strcmp.o(.text) for strcmp
    lc_ctype_c.o(locale$$code) refers to lc_ctype_c.o(locale$$data) for __lcctype_c_name
    defsig_exit.o(.text) refers to sys_exit.o(.text) for _sys_exit
    defsig_fpe_inner.o(.text) refers to defsig_general.o(.text) for __default_signal_display
    libinit2.o(.ARM.Collect$$libinit$$0000000B) refers (Weak) to rt_locale_intlibspace.o(.text) for __rt_locale
    libinit2.o(.ARM.Collect$$libinit$$0000000C) refers to libinit2.o(.ARM.Collect$$libinit$$0000000B) for .ARM.Collect$$libinit$$0000000B
    libinit2.o(.ARM.Collect$$libinit$$0000000E) refers to libinit2.o(.ARM.Collect$$libinit$$0000000B) for .ARM.Collect$$libinit$$0000000B
    libinit2.o(.ARM.Collect$$libinit$$0000000E) refers (Weak) to lc_ctype_c.o(locale$$code) for _get_lc_ctype
    libinit2.o(.ARM.Collect$$libinit$$00000010) refers to libinit2.o(.ARM.Collect$$libinit$$0000000B) for .ARM.Collect$$libinit$$0000000B
    libinit2.o(.ARM.Collect$$libinit$$00000012) refers to libinit2.o(.ARM.Collect$$libinit$$0000000B) for .ARM.Collect$$libinit$$0000000B
    libinit2.o(.ARM.Collect$$libinit$$00000014) refers to libinit2.o(.ARM.Collect$$libinit$$0000000B) for .ARM.Collect$$libinit$$0000000B
    libinit2.o(.ARM.Collect$$libinit$$00000022) refers to argv_veneer.o(.emb_text) for __ARM_argv_veneer
    libinit2.o(.ARM.Collect$$libinit$$00000023) refers to argv_veneer.o(.emb_text) for __ARM_argv_veneer
    fpinit.o(x$fpl$fpinit) refers to rt_fp_status_addr_intlibspace.o(.text) for __rt_fp_status_addr
    sys_exit.o(.text) refers (Special) to use_no_semi.o(.text) for __I$use$semihosting
    rtexit2.o(.ARM.Collect$$rtexit$$00000003) refers to libshutdown.o(.ARM.Collect$$libshutdown$$00000000) for __rt_lib_shutdown
    rtexit2.o(.ARM.Collect$$rtexit$$00000004) refers to sys_exit.o(.text) for _sys_exit
    rtexit2.o(.ARM.exidx) refers to rtexit2.o(.ARM.Collect$$rtexit$$00000001) for .ARM.Collect$$rtexit$$00000001
    rtexit2.o(.ARM.exidx) refers to rtexit2.o(.ARM.Collect$$rtexit$$00000002) for .ARM.Collect$$rtexit$$00000002
    rtexit2.o(.ARM.exidx) refers to rtexit2.o(.ARM.Collect$$rtexit$$00000003) for .ARM.Collect$$rtexit$$00000003
    rtexit2.o(.ARM.exidx) refers to rtexit2.o(.ARM.Collect$$rtexit$$00000004) for .ARM.Collect$$rtexit$$00000004
    rt_fp_status_addr.o(.text) refers to rt_fp_status_addr.o(.bss) for __rt_fp_status_addr_data
    rt_fp_status_addr_intlibspace.o(.text) refers to libspace.o(.bss) for __libspace_start
    __raise.o(.text) refers to __printf.o(i.__ARM_common_call_via_r2) for __ARM_common_call_via_r2
    __raise.o(.text) refers to defsig.o(CL$$defsig) for __default_signal_handler
    defsig_general.o(.text) refers to sys_wrch.o(.text) for _ttywrch
    argv_veneer.o(.emb_text) refers to no_argv.o(.text) for __ARM_get_argv
    sys_wrch.o(.text) refers (Special) to use_no_semi.o(.text) for __I$use$semihosting
    defsig.o(CL$$defsig) refers to defsig_fpe_inner.o(.text) for __rt_SIGFPE_inner
    defsig.o(CL$$defsig) refers to defsig_rtmem_inner.o(.text) for __rt_SIGRTMEM_inner
    _get_argv_nomalloc.o(.text) refers (Special) to hrguard.o(.text) for __heap_region$guard
    _get_argv_nomalloc.o(.text) refers to defsig_rtmem_outer.o(.text) for __rt_SIGRTMEM
    _get_argv_nomalloc.o(.text) refers to sys_command.o(.text) for _sys_command_string
    libshutdown.o(.ARM.Collect$$libshutdown$$00000000) refers (Special) to libshutdown2.o(.ARM.Collect$$libshutdown$$00000006) for __rt_lib_shutdown_fp_trap_1
    libshutdown.o(.ARM.Collect$$libshutdown$$00000000) refers (Special) to libshutdown2.o(.ARM.Collect$$libshutdown$$0000000E) for __rt_lib_shutdown_heap_1
    libshutdown.o(.ARM.Collect$$libshutdown$$00000000) refers (Special) to libshutdown2.o(.ARM.Collect$$libshutdown$$0000000F) for __rt_lib_shutdown_return
    libshutdown.o(.ARM.Collect$$libshutdown$$00000000) refers (Special) to libshutdown2.o(.ARM.Collect$$libshutdown$$00000009) for __rt_lib_shutdown_signal_1
    libshutdown.o(.ARM.Collect$$libshutdown$$00000000) refers (Special) to libshutdown2.o(.ARM.Collect$$libshutdown$$00000003) for __rt_lib_shutdown_stdio_1
    libshutdown.o(.ARM.Collect$$libshutdown$$00000000) refers (Special) to libshutdown2.o(.ARM.Collect$$libshutdown$$0000000B) for __rt_lib_shutdown_user_alloc_1
    sys_command.o(.text) refers (Special) to use_no_semi.o(.text) for __I$use$semihosting
    defsig_abrt_inner.o(.text) refers to defsig_general.o(.text) for __default_signal_display
    defsig_rtred_inner.o(.text) refers to defsig_general.o(.text) for __default_signal_display
    defsig_rtmem_inner.o(.text) refers to defsig_general.o(.text) for __default_signal_display
    defsig_rtmem_outer.o(.text) refers to defsig_rtmem_inner.o(.text) for __rt_SIGRTMEM_inner
    defsig_rtmem_outer.o(.text) refers to defsig_exit.o(.text) for __sig_exit
    defsig_rtmem_formal.o(.text) refers to rt_raise.o(.text) for __rt_raise
    defsig_stak_inner.o(.text) refers to defsig_general.o(.text) for __default_signal_display
    defsig_pvfn_inner.o(.text) refers to defsig_general.o(.text) for __default_signal_display
    defsig_cppl_inner.o(.text) refers to defsig_general.o(.text) for __default_signal_display
    defsig_segv_inner.o(.text) refers to defsig_general.o(.text) for __default_signal_display
    defsig_other.o(.text) refers to defsig_general.o(.text) for __default_signal_display


==============================================================================

Removing Unused input sections from the image.

    Removing extint.o(.data), (12 bytes).

1 unused section(s) (total 12 bytes) removed from the image.

==============================================================================

Adding Veneers to the image

    Adding TA veneer (4 bytes, Inline) for call to '_printf_percent' from __printf.o(.text).
    Adding AT veneer (8 bytes, Inline) for call to '__rt_lib_init' from rtentry2.o(.ARM.Collect$$rtentry$$0000000A).
    Adding AT veneer (8 bytes, Inline) for call to '__rt_lib_shutdown' from rtexit2.o(.ARM.Collect$$rtexit$$00000003).
    Adding TA veneer (4 bytes, Inline) for call to '__rt_exit' from exit.o(.text).
    Adding AT veneer (8 bytes, Inline) for call to '__2sprintf' from cart.o(.text).
    Adding AT veneer (8 bytes, Inline) for call to '_printf_int_dec' from _printf_d.o(.ARM.Collect$$_printf_percent$$00000009).
    Adding AT veneer (8 bytes, Inline) for call to '__0sscanf' from cart.o(.text).
    Adding AT veneer (8 bytes, Inline) for call to 'strcpy' from cart.o(.text).
    Adding AT veneer (8 bytes, Inline) for call to '_printf_string' from _printf_s.o(.ARM.Collect$$_printf_percent$$00000014).
    Adding TA veneer (4 bytes, Inline) for call to '__rt_udiv10' from _printf_dec.o(.text).
    Adding TA veneer (4 bytes, Inline) for call to '__rt_ctype_table' from isspace.o(.text).
    Adding TA veneer (4 bytes, Inline) for call to '__rt_locale' from libinit2.o(.ARM.Collect$$libinit$$0000000B).
    Adding AT veneer (8 bytes, Inline) for call to '_sys_exit' from rtexit2.o(.ARM.Collect$$rtexit$$00000004).
    Adding TA veneer (4 bytes, Inline) for call to '_get_lc_ctype' from libinit2.o(.ARM.Collect$$libinit$$0000000E).
    Adding TA veneer (4 bytes, Inline) for call to '_fp_init' from libinit.o(.ARM.Collect$$libinit$$00000000).

15 Veneer(s) (total 92 bytes) added to the image.

==============================================================================

Image Symbol Table

    Local Symbols

    Symbol Name                              Value     Ov Type        Size  Object(Section)

    RESET                                    0x00000000   Section      272  startup.o(RESET)
    ../../angel/boardlib.s                   0x00000000   Number         0  boardinit1.o ABSOLUTE
    ../../angel/boardlib.s                   0x00000000   Number         0  boardinit2.o ABSOLUTE
    ../../angel/boardlib.s                   0x00000000   Number         0  boardshut.o ABSOLUTE
    ../../angel/boardlib.s                   0x00000000   Number         0  boardinit3.o ABSOLUTE
    ../../angel/handlers.s                   0x00000000   Number         0  __scatter_zi.o ABSOLUTE
    ../../angel/handlers.s                   0x00000000   Number         0  __scatter_copy.o ABSOLUTE
    ../../angel/kernel.s                     0x00000000   Number         0  rtentry.o ABSOLUTE
    ../../angel/kernel.s                     0x00000000   Number         0  rtexit2.o ABSOLUTE
    ../../angel/kernel.s                     0x00000000   Number         0  rtentry4.o ABSOLUTE
    ../../angel/kernel.s                     0x00000000   Number         0  rtentry2.o ABSOLUTE
    ../../angel/kernel.s                     0x00000000   Number         0  rtexit.o ABSOLUTE
    ../../angel/rt.s                         0x00000000   Number         0  aeabi_idiv0_sigfpe.o ABSOLUTE
    ../../angel/rt.s                         0x00000000   Number         0  aeabi_idiv0.o ABSOLUTE
    ../../angel/rt.s                         0x00000000   Number         0  rt_div0.o ABSOLUTE
    ../../angel/rt.s                         0x00000000   Number         0  rt_raise.o ABSOLUTE
    ../../angel/rt.s                         0x00000000   Number         0  rt_fp_status_addr_intlibspace.o ABSOLUTE
    ../../angel/rt.s                         0x00000000   Number         0  rt_locale.o ABSOLUTE
    ../../angel/rt.s                         0x00000000   Number         0  rt_fp_status_addr.o ABSOLUTE
    ../../angel/rt.s                         0x00000000   Number         0  rt_locale_intlibspace.o ABSOLUTE
    ../../angel/rt.s                         0x00000000   Number         0  rt_ctype_table.o ABSOLUTE
    ../../angel/scatter.s                    0x00000000   Number         0  __scatter.o ABSOLUTE
    ../../angel/startup.s                    0x00000000   Number         0  __main.o ABSOLUTE
    ../../angel/sys.s                        0x00000000   Number         0  use_no_semi.o ABSOLUTE
    ../../angel/sys.s                        0x00000000   Number         0  libspace.o ABSOLUTE
    ../../angel/sys.s                        0x00000000   Number         0  sys_stackheap_outer.o ABSOLUTE
    ../../angel/sysapp.c                     0x00000000   Number         0  sys_wrch.o ABSOLUTE
    ../../angel/sysapp.c                     0x00000000   Number         0  sys_command.o ABSOLUTE
    ../../angel/sysapp.c                     0x00000000   Number         0  sys_exit.o ABSOLUTE
    ../../armsys.c                           0x00000000   Number         0  argv_veneer.o ABSOLUTE
    ../../armsys.c                           0x00000000   Number         0  no_argv.o ABSOLUTE
    ../../armsys.c                           0x00000000   Number         0  _get_argv_nomalloc.o ABSOLUTE
    ../../armsys.c                           0x00000000   Number         0  argv_veneer.o ABSOLUTE
    ../../ctype.c                            0x00000000   Number         0  isspace.o ABSOLUTE
    ../../division.s                         0x00000000   Number         0  aeabi_sdiv.o ABSOLUTE
    ../../division.s                         0x00000000   Number         0  aeabi_sdiv_div0.o ABSOLUTE
    ../../division.s                         0x00000000   Number         0  rtudiv10.o ABSOLUTE
    ../../divrt.s                            0x00000000   Number         0  divrt_7tdmi.o ABSOLUTE
    ../../divrt.s                            0x00000000   Number         0  divrt_7tdmi_div0.o ABSOLUTE
    ../../faddsub.s                          0x00000000   Number         0  faddsub_noclz.o ABSOLUTE
    ../../fcmpi.s                            0x00000000   Number         0  fcmpi.o ABSOLUTE
    ../../ffixu.s                            0x00000000   Number         0  ffixu.o ABSOLUTE
    ../../fflt.s                             0x00000000   Number         0  fflt_noclz.o ABSOLUTE
    ../../fleqf.s                            0x00000000   Number         0  fleqf.o ABSOLUTE
    ../../fmul.s                             0x00000000   Number         0  fmul.o ABSOLUTE
    ../../fnaninf.s                          0x00000000   Number         0  fnaninf.o ABSOLUTE
    ../../fpinit.s                           0x00000000   Number         0  fpinit.o ABSOLUTE
    ../../fretinf.s                          0x00000000   Number         0  fretinf.o ABSOLUTE
    ../../heapalloc.c                        0x00000000   Number         0  hrguard.o ABSOLUTE
    ../../heapaux.c                          0x00000000   Number         0  heapauxi.o ABSOLUTE
    ../../libinit.s                          0x00000000   Number         0  libshutdown2.o ABSOLUTE
    ../../libinit.s                          0x00000000   Number         0  libshutdown.o ABSOLUTE
    ../../libinit.s                          0x00000000   Number         0  libinit.o ABSOLUTE
    ../../libinit.s                          0x00000000   Number         0  libinit2.o ABSOLUTE
    ../../locale.s                           0x00000000   Number         0  lc_ctype_c.o ABSOLUTE
    ../../memcpset.s                         0x00000000   Number         0  rt_memcpy_w.o ABSOLUTE
    ../../memcpset.s                         0x00000000   Number         0  rt_memclr_w.o ABSOLUTE
    ../../memcpset.s                         0x00000000   Number         0  strcmp.o ABSOLUTE
    ../../memcpset.s                         0x00000000   Number         0  rt_memclr.o ABSOLUTE
    ../../printf.c                           0x00000000   Number         0  __printf_ss_wp.o ABSOLUTE
    ../../printf.c                           0x00000000   Number         0  __printf_flags_ss_wp.o ABSOLUTE
    ../../printf.c                           0x00000000   Number         0  __printf_nopercent.o ABSOLUTE
    ../../printf.c                           0x00000000   Number         0  _printf_intcommon.o ABSOLUTE
    ../../printf.c                           0x00000000   Number         0  _printf_char_common.o ABSOLUTE
    ../../printf.c                           0x00000000   Number         0  _printf_char.o ABSOLUTE
    ../../printf.c                           0x00000000   Number         0  __2sprintf.o ABSOLUTE
    ../../printf.c                           0x00000000   Number         0  _printf_dec.o ABSOLUTE
    ../../printf.c                           0x00000000   Number         0  noretval__2sprintf.o ABSOLUTE
    ../../printf.c                           0x00000000   Number         0  __printf.o ABSOLUTE
    ../../printf.c                           0x00000000   Number         0  _printf_str.o ABSOLUTE
    ../../printf.c                           0x00000000   Number         0  _sputc.o ABSOLUTE
    ../../printf.c                           0x00000000   Number         0  __printf_flags.o ABSOLUTE
    ../../printf.c                           0x00000000   Number         0  __printf_ss.o ABSOLUTE
    ../../printf.c                           0x00000000   Number         0  __printf_flags_ss.o ABSOLUTE
    ../../printf.c                           0x00000000   Number         0  __printf_wp.o ABSOLUTE
    ../../printf.c                           0x00000000   Number         0  __printf_flags_wp.o ABSOLUTE
    ../../printf_percent.s                   0x00000000   Number         0  _printf_d.o ABSOLUTE
    ../../printf_percent.s                   0x00000000   Number         0  _printf_percent_end.o ABSOLUTE
    ../../printf_percent.s                   0x00000000   Number         0  _printf_s.o ABSOLUTE
    ../../printf_percent.s                   0x00000000   Number         0  _printf_percent.o ABSOLUTE
    ../../scanf.c                            0x00000000   Number         0  scanf_char.o ABSOLUTE
    ../../scanf.c                            0x00000000   Number         0  _chval.o ABSOLUTE
    ../../scanf.c                            0x00000000   Number         0  __0sscanf.o ABSOLUTE
    ../../scanf.c                            0x00000000   Number         0  _sgetc.o ABSOLUTE
    ../../scanf.c                            0x00000000   Number         0  _scanf_int.o ABSOLUTE
    ../../scanf.c                            0x00000000   Number         0  _scanf.o ABSOLUTE
    ../../signal.c                           0x00000000   Number         0  defsig_cppl_inner.o ABSOLUTE
    ../../signal.c                           0x00000000   Number         0  defsig_fpe_inner.o ABSOLUTE
    ../../signal.c                           0x00000000   Number         0  defsig_segv_inner.o ABSOLUTE
    ../../signal.c                           0x00000000   Number         0  defsig_exit.o ABSOLUTE
    ../../signal.c                           0x00000000   Number         0  defsig_other.o ABSOLUTE
    ../../signal.c                           0x00000000   Number         0  defsig_general.o ABSOLUTE
    ../../signal.c                           0x00000000   Number         0  __raise.o ABSOLUTE
    ../../signal.c                           0x00000000   Number         0  defsig_abrt_inner.o ABSOLUTE
    ../../signal.c                           0x00000000   Number         0  defsig_rtred_inner.o ABSOLUTE
    ../../signal.c                           0x00000000   Number         0  defsig_rtmem_inner.o ABSOLUTE
    ../../signal.c                           0x00000000   Number         0  defsig_fpe_formal.o ABSOLUTE
    ../../signal.c                           0x00000000   Number         0  defsig_rtmem_outer.o ABSOLUTE
    ../../signal.c                           0x00000000   Number         0  defsig_fpe_outer.o ABSOLUTE
    ../../signal.c                           0x00000000   Number         0  defsig_rtmem_formal.o ABSOLUTE
    ../../signal.c                           0x00000000   Number         0  defsig_stak_inner.o ABSOLUTE
    ../../signal.c                           0x00000000   Number         0  defsig_pvfn_inner.o ABSOLUTE
    ../../signal.s                           0x00000000   Number         0  defsig.o ABSOLUTE
    ../../stdlib.c                           0x00000000   Number         0  exit.o ABSOLUTE
    ../../string.c                           0x00000000   Number         0  strcpy.o ABSOLUTE
    ../../usenofp.s                          0x00000000   Number         0  usenofp.o ABSOLUTE
    KPM.c                                    0x00000000   Number         0  kpm.o ABSOLUTE
    Startup.s                                0x00000000   Number         0  startup.o ABSOLUTE
    cart.c                                   0x00000000   Number         0  cart.o ABSOLUTE
    dc.s                                     0x00000000   Number         0  dc.o ABSOLUTE
    delay.c                                  0x00000000   Number         0  delay.o ABSOLUTE
    extint.c                                 0x00000000   Number         0  extint.o ABSOLUTE
    lcd.c                                    0x00000000   Number         0  lcd.o ABSOLUTE
    main.c                                   0x00000000   Number         0  main.o ABSOLUTE
    menu.c                                   0x00000000   Number         0  menu.o ABSOLUTE
    rfid.c                                   0x00000000   Number         0  rfid.o ABSOLUTE
    uart0.c                                  0x00000000   Number         0  uart0.o ABSOLUTE
    uart1.c                                  0x00000000   Number         0  uart1.o ABSOLUTE
    Undef_Handler                            0x00000040   ARM Code       4  startup.o(RESET)
    SWI_Handler                              0x00000044   ARM Code       4  startup.o(RESET)
    PAbt_Handler                             0x00000048   ARM Code       4  startup.o(RESET)
    DAbt_Handler                             0x0000004c   ARM Code       4  startup.o(RESET)
    IRQ_Handler                              0x00000050   ARM Code       4  startup.o(RESET)
    FIQ_Handler                              0x00000054   ARM Code       4  startup.o(RESET)
    !!!main                                  0x00000110   Section        8  __main.o(!!!main)
    !!!scatter                               0x00000118   Section       60  __scatter.o(!!!scatter)
    !!handler_copy                           0x00000154   Section       40  __scatter_copy.o(!!handler_copy)
    !!handler_zi                             0x0000017c   Section       44  __scatter_zi.o(!!handler_zi)
    .ARM.Collect$$_printf_percent$$00000000  0x000001ac   Section        0  _printf_percent.o(.ARM.Collect$$_printf_percent$$00000000)
    .ARM.Collect$$_printf_percent$$00000009  0x000001ac   Section        8  _printf_d.o(.ARM.Collect$$_printf_percent$$00000009)
    .ARM.Collect$$_printf_percent$$00000014  0x000001b4   Section        8  _printf_s.o(.ARM.Collect$$_printf_percent$$00000014)
    .ARM.Collect$$_printf_percent$$00000017  0x000001bc   Section        8  _printf_percent_end.o(.ARM.Collect$$_printf_percent$$00000017)
    .ARM.Collect$$libinit$$00000000          0x000001cc   Section        6  libinit.o(.ARM.Collect$$libinit$$00000000)
    .ARM.Collect$$libinit$$00000006          0x000001d2   Section        0  libinit2.o(.ARM.Collect$$libinit$$00000006)
    .ARM.Collect$$libinit$$00000008          0x000001d2   Section        0  libinit2.o(.ARM.Collect$$libinit$$00000008)
    .ARM.Collect$$libinit$$0000000A          0x000001d2   Section        0  libinit2.o(.ARM.Collect$$libinit$$0000000A)
    .ARM.Collect$$libinit$$0000000B          0x000001d2   Section        6  libinit2.o(.ARM.Collect$$libinit$$0000000B)
    .ARM.Collect$$libinit$$0000000D          0x000001d8   Section        0  libinit2.o(.ARM.Collect$$libinit$$0000000D)
    .ARM.Collect$$libinit$$0000000E          0x000001d8   Section       12  libinit2.o(.ARM.Collect$$libinit$$0000000E)
    .ARM.Collect$$libinit$$0000000F          0x000001e4   Section        0  libinit2.o(.ARM.Collect$$libinit$$0000000F)
    .ARM.Collect$$libinit$$00000011          0x000001e4   Section        0  libinit2.o(.ARM.Collect$$libinit$$00000011)
    .ARM.Collect$$libinit$$00000013          0x000001e4   Section        0  libinit2.o(.ARM.Collect$$libinit$$00000013)
    .ARM.Collect$$libinit$$00000015          0x000001e4   Section        0  libinit2.o(.ARM.Collect$$libinit$$00000015)
    .ARM.Collect$$libinit$$00000017          0x000001e4   Section        0  libinit2.o(.ARM.Collect$$libinit$$00000017)
    .ARM.Collect$$libinit$$00000019          0x000001e4   Section        0  libinit2.o(.ARM.Collect$$libinit$$00000019)
    .ARM.Collect$$libinit$$0000001B          0x000001e4   Section        0  libinit2.o(.ARM.Collect$$libinit$$0000001B)
    .ARM.Collect$$libinit$$0000001D          0x000001e4   Section        0  libinit2.o(.ARM.Collect$$libinit$$0000001D)
    .ARM.Collect$$libinit$$0000001F          0x000001e4   Section        0  libinit2.o(.ARM.Collect$$libinit$$0000001F)
    .ARM.Collect$$libinit$$00000021          0x000001e4   Section        0  libinit2.o(.ARM.Collect$$libinit$$00000021)
    .ARM.Collect$$libinit$$00000028          0x000001e4   Section        0  libinit2.o(.ARM.Collect$$libinit$$00000028)
    .ARM.Collect$$libinit$$0000002A          0x000001e4   Section        0  libinit2.o(.ARM.Collect$$libinit$$0000002A)
    .ARM.Collect$$libinit$$0000002C          0x000001e4   Section        0  libinit2.o(.ARM.Collect$$libinit$$0000002C)
    .ARM.Collect$$libinit$$0000002E          0x000001e4   Section        0  libinit2.o(.ARM.Collect$$libinit$$0000002E)
    .ARM.Collect$$libinit$$0000002F          0x000001e4   Section       12  libinit2.o(.ARM.Collect$$libinit$$0000002F)
    .ARM.Collect$$libshutdown$$00000000      0x000001f8   Section        4  libshutdown.o(.ARM.Collect$$libshutdown$$00000000)
    .ARM.Collect$$libshutdown$$00000003      0x000001fc   Section        0  libshutdown2.o(.ARM.Collect$$libshutdown$$00000003)
    .ARM.Collect$$libshutdown$$00000006      0x000001fc   Section        0  libshutdown2.o(.ARM.Collect$$libshutdown$$00000006)
    .ARM.Collect$$libshutdown$$00000009      0x000001fc   Section        0  libshutdown2.o(.ARM.Collect$$libshutdown$$00000009)
    .ARM.Collect$$libshutdown$$0000000B      0x000001fc   Section        0  libshutdown2.o(.ARM.Collect$$libshutdown$$0000000B)
    .ARM.Collect$$libshutdown$$0000000E      0x000001fc   Section        0  libshutdown2.o(.ARM.Collect$$libshutdown$$0000000E)
    .ARM.Collect$$libshutdown$$0000000F      0x000001fc   Section        6  libshutdown2.o(.ARM.Collect$$libshutdown$$0000000F)
    .ARM.Collect$$rtentry$$00000000          0x00000204   Section        0  rtentry.o(.ARM.Collect$$rtentry$$00000000)
    .ARM.Collect$$rtentry$$00000002          0x00000204   Section        0  rtentry2.o(.ARM.Collect$$rtentry$$00000002)
    .ARM.Collect$$rtentry$$00000004          0x00000204   Section        8  rtentry4.o(.ARM.Collect$$rtentry$$00000004)
    .ARM.Collect$$rtentry$$00000009          0x0000020c   Section        0  rtentry2.o(.ARM.Collect$$rtentry$$00000009)
    .ARM.Collect$$rtentry$$0000000A          0x0000020c   Section        4  rtentry2.o(.ARM.Collect$$rtentry$$0000000A)
    .ARM.Collect$$rtentry$$0000000C          0x00000210   Section        0  rtentry2.o(.ARM.Collect$$rtentry$$0000000C)
    .ARM.Collect$$rtentry$$0000000D          0x00000210   Section       40  rtentry2.o(.ARM.Collect$$rtentry$$0000000D)
    .ARM.Collect$$rtexit$$00000000           0x0000023c   Section        4  rtexit.o(.ARM.Collect$$rtexit$$00000000)
    .ARM.Collect$$rtexit$$00000002           0x00000240   Section        0  rtexit2.o(.ARM.Collect$$rtexit$$00000002)
    .ARM.Collect$$rtexit$$00000003           0x00000240   Section        4  rtexit2.o(.ARM.Collect$$rtexit$$00000003)
    .ARM.Collect$$rtexit$$00000004           0x00000244   Section        8  rtexit2.o(.ARM.Collect$$rtexit$$00000004)
    .text                                    0x0000024c   Section       32  startup.o(.text)
    .text                                    0x0000026c   Section        0  uart0.o(.text)
    .text                                    0x000003b8   Section        0  uart1.o(.text)
    .text                                    0x00000438   Section        0  rfid.o(.text)
    .text                                    0x000004f8   Section        0  extint.o(.text)
    .text                                    0x00000610   Section        0  main.o(.text)
    .text                                    0x000006ec   Section        0  kpm.o(.text)
    .text                                    0x000008cc   Section        0  lcd.o(.text)
    .text                                    0x00000ce8   Section        0  menu.o(.text)
    .text                                    0x00000d28   Section        0  cart.o(.text)
    .text                                    0x000014e4   Section        0  delay.o(.text)
    .text                                    0x00001548   Section        0  noretval__2sprintf.o(.text)
    .text                                    0x00001570   Section        0  __printf.o(.text)
    .text                                    0x000015e8   Section        0  _printf_str.o(.text)
    .text                                    0x00001648   Section        0  _printf_dec.o(.text)
    .text                                    0x000016c0   Section        0  __0sscanf.o(.text)
    .text                                    0x00001700   Section        0  _scanf_int.o(.text)
    .text                                    0x00001868   Section        0  strcpy.o(.text)
    .text                                    0x000018b8   Section      100  rt_memcpy_w.o(.text)
    .text                                    0x0000191c   Section       64  rt_memclr.o(.text)
    .text                                    0x0000195c   Section      160  strcmp.o(.text)
    .text                                    0x000019fc   Section      384  aeabi_sdiv.o(.text)
    __arm_div8                               0x00001a28   ARM Code       0  aeabi_sdiv.o(.text)
    __arm_div5                               0x00001a4c   ARM Code       0  aeabi_sdiv.o(.text)
    __arm_div2                               0x00001a70   ARM Code       0  aeabi_sdiv.o(.text)
    __arm_div_large                          0x00001aac   ARM Code       0  aeabi_sdiv.o(.text)
    .text                                    0x00001b7c   Section        0  heapauxi.o(.text)
    .text                                    0x00001b82   Section        0  _printf_intcommon.o(.text)
    .text                                    0x00001c38   Section        0  _printf_char_common.o(.text)
    _printf_input_char                       0x00001c39   Thumb Code    10  _printf_char_common.o(.text)
    .text                                    0x00001c68   Section        0  _sputc.o(.text)
    .text                                    0x00001c7c   Section        0  _printf_char.o(.text)
    .text                                    0x00001cae   Section        0  _chval.o(.text)
    .text                                    0x00001cd0   Section        0  scanf_char.o(.text)
    _scanf_char_input                        0x00001cd1   Thumb Code    12  scanf_char.o(.text)
    .text                                    0x00001d08   Section        0  _sgetc.o(.text)
    .text                                    0x00001d50   Section       84  rt_memclr_w.o(.text)
    .text                                    0x00001da8   Section       44  rtudiv10.o(.text)
    .text                                    0x00001dd4   Section        0  isspace.o(.text)
    .text                                    0x00001dec   Section        0  _scanf.o(.text)
    .text                                    0x000021bc   Section       96  sys_stackheap_outer.o(.text)
    .text                                    0x00002220   Section       24  rt_ctype_table.o(.text)
    .text                                    0x00002238   Section        0  exit.o(.text)
    .text                                    0x00002244   Section       12  libspace.o(.text)
    .text                                    0x00002254   Section       16  rt_locale_intlibspace.o(.text)
    .text                                    0x0000226c   Section        0  sys_exit.o(.text)
    .text                                    0x00002278   Section       16  rt_fp_status_addr_intlibspace.o(.text)
    .text                                    0x00002288   Section        4  use_no_semi.o(.text)
    .text_udiv                               0x0000228c   Section       36  aeabi_sdiv.o(.text_udiv)
    i.__ARM_common_call_via_r1               0x000022b0   Section        0  __printf.o(i.__ARM_common_call_via_r1)
    i.__ARM_common_call_via_r2               0x000022b2   Section        0  __printf.o(i.__ARM_common_call_via_r2)
    locale$$code                             0x000022b8   Section       80  lc_ctype_c.o(locale$$code)
    x$fpl$fadd                               0x00002308   Section      196  faddsub_noclz.o(x$fpl$fadd)
    _fadd1                                   0x00002314   ARM Code       0  faddsub_noclz.o(x$fpl$fadd)
    x$fpl$fcmpinf                            0x000023cc   Section       28  fcmpi.o(x$fpl$fcmpinf)
    x$fpl$ffixu                              0x000023e8   Section       84  ffixu.o(x$fpl$ffixu)
    x$fpl$fflt                               0x0000243c   Section       92  fflt_noclz.o(x$fpl$fflt)
    x$fpl$ffltu                              0x00002498   Section        8  fflt_noclz.o(x$fpl$ffltu)
    x$fpl$fleqf                              0x000024a0   Section      132  fleqf.o(x$fpl$fleqf)
    x$fpl$fmul                               0x00002524   Section      256  fmul.o(x$fpl$fmul)
    x$fpl$fnaninf                            0x00002624   Section      168  fnaninf.o(x$fpl$fnaninf)
    x$fpl$fpinit                             0x000026d0   Section       24  fpinit.o(x$fpl$fpinit)
    x$fpl$fretinf                            0x000026e8   Section       16  fretinf.o(x$fpl$fretinf)
    x$fpl$frsb                               0x000026f8   Section       20  faddsub_noclz.o(x$fpl$frsb)
    x$fpl$fsub                               0x0000270c   Section      304  faddsub_noclz.o(x$fpl$fsub)
    _fsub1                                   0x00002718   ARM Code       0  faddsub_noclz.o(x$fpl$fsub)
    x$fpl$usenofp                            0x0000283c   Section        0  usenofp.o(x$fpl$usenofp)
    locale$$data                             0x0000285c   Section      272  lc_ctype_c.o(locale$$data)
    __lcctype_c_name                         0x00002860   Data           2  lc_ctype_c.o(locale$$data)
    __lcctype_c_start                        0x00002868   Data           0  lc_ctype_c.o(locale$$data)
    __lcctype_c_end                          0x0000296c   Data           0  lc_ctype_c.o(locale$$data)
    .data                                    0x40000000   Section        8  uart0.o(.data)
    .data                                    0x40000008   Section        8  rfid.o(.data)
    i                                        0x4000000c   Data           4  rfid.o(.data)
    .data                                    0x40000010   Section        1  main.o(.data)
    .data                                    0x40000011   Section       16  kpm.o(.data)
    .data                                    0x40000024   Section        8  cart.o(.data)
    .bss                                     0x4000002c   Section       50  uart0.o(.bss)
    .bss                                     0x4000005e   Section      100  rfid.o(.bss)
    .bss                                     0x400000c4   Section      480  cart.o(.bss)
    .bss                                     0x400002a4   Section       96  libspace.o(.bss)
    HEAP                                     0x40000308   Section        0  startup.o(HEAP)
    STACK                                    0x40000308   Section     1160  startup.o(STACK)
    Heap_Mem                                 0x40000308   Data           0  startup.o(HEAP)
    Stack_Mem                                0x40000308   Data        1024  startup.o(STACK)
    Stack_Top                                0x40000790   Data           0  startup.o(STACK)

    Global Symbols

    Symbol Name                              Value     Ov Type        Size  Object(Section)

    BuildAttributes$$THM_ISAv1$ARM_ISAv4$S$PE$A:L22$X:L11$S22$IEEE1$IW$USESV6$~STKCKD$USESV7$~SHL$OSPACE$ROPI$EBA8$UX$STANDARDLIB$REQ8$PRES8$EABIv2 0x00000000   Number         0  anon$$obj.o ABSOLUTE
    __ARM_use_no_argv                        0x00000000   Number         0  main.o ABSOLUTE
    __ARM_exceptions_init                     - Undefined Weak Reference
    __alloca_initialize                       - Undefined Weak Reference
    __cpp_initialize__aeabi_                  - Undefined Weak Reference
    __cxa_finalize                            - Undefined Weak Reference
    __sigvec_lookup                           - Undefined Weak Reference
    _atexit_init                              - Undefined Weak Reference
    _call_atexit_fns                          - Undefined Weak Reference
    _clock_init                               - Undefined Weak Reference
    _fp_trap_init                             - Undefined Weak Reference
    _fp_trap_shutdown                         - Undefined Weak Reference
    _get_lc_collate                           - Undefined Weak Reference
    _get_lc_monetary                          - Undefined Weak Reference
    _get_lc_numeric                           - Undefined Weak Reference
    _get_lc_time                              - Undefined Weak Reference
    _getenv_init                              - Undefined Weak Reference
    _handle_redirection                       - Undefined Weak Reference
    _init_alloc                               - Undefined Weak Reference
    _init_user_alloc                          - Undefined Weak Reference
    _initio                                   - Undefined Weak Reference
    _printf_mbtowc                            - Undefined Weak Reference
    _printf_post_padding                      - Undefined Weak Reference
    _printf_pre_padding                       - Undefined Weak Reference
    _printf_truncate_signed                   - Undefined Weak Reference
    _printf_truncate_unsigned                 - Undefined Weak Reference
    _rand_init                                - Undefined Weak Reference
    _scanf_longlong                           - Undefined Weak Reference
    _scanf_mbtowc                             - Undefined Weak Reference
    _scanf_real                               - Undefined Weak Reference
    _scanf_string                             - Undefined Weak Reference
    _scanf_wctomb                             - Undefined Weak Reference
    _scanf_wstring                            - Undefined Weak Reference
    _signal_finish                            - Undefined Weak Reference
    _signal_init                              - Undefined Weak Reference
    _terminate_alloc                          - Undefined Weak Reference
    _terminate_user_alloc                     - Undefined Weak Reference
    _terminateio                              - Undefined Weak Reference
    Reset_Handler                            0x00000058   ARM Code       0  startup.o(RESET)
    __main                                   0x00000110   ARM Code       8  __main.o(!!!main)
    __scatterload                            0x00000118   ARM Code       0  __scatter.o(!!!scatter)
    __scatterload_rt2                        0x00000118   ARM Code      52  __scatter.o(!!!scatter)
    __scatterload_null                       0x0000012c   ARM Code       0  __scatter.o(!!!scatter)
    __scatterload_copy                       0x00000154   ARM Code      40  __scatter_copy.o(!!handler_copy)
    __scatterload_zeroinit                   0x0000017c   ARM Code      44  __scatter_zi.o(!!handler_zi)
    Inline Thumb to ARM Veneer to _printf_percent 0x000001a9   Thumb Code     4  _printf_percent.o(.ARM.Collect$$_printf_percent$$00000000)
    _printf_d                                0x000001ac   ARM Code       0  _printf_d.o(.ARM.Collect$$_printf_percent$$00000009)
    _printf_percent                          0x000001ac   ARM Code       0  _printf_percent.o(.ARM.Collect$$_printf_percent$$00000000)
    _printf_s                                0x000001b4   ARM Code       0  _printf_s.o(.ARM.Collect$$_printf_percent$$00000014)
    _printf_percent_end                      0x000001bc   ARM Code       0  _printf_percent_end.o(.ARM.Collect$$_printf_percent$$00000017)
    Inline ARM to Thumb Veneer to __rt_lib_init 0x000001c4   ARM Code       8  libinit.o(.ARM.Collect$$libinit$$00000000)
    __rt_lib_init                            0x000001cd   Thumb Code     0  libinit.o(.ARM.Collect$$libinit$$00000000)
    __rt_lib_init_heap_1                     0x000001d3   Thumb Code     0  libinit2.o(.ARM.Collect$$libinit$$00000006)
    __rt_lib_init_lc_common                  0x000001d3   Thumb Code     0  libinit2.o(.ARM.Collect$$libinit$$0000000B)
    __rt_lib_init_rand_1                     0x000001d3   Thumb Code     0  libinit2.o(.ARM.Collect$$libinit$$0000000A)
    __rt_lib_init_user_alloc_1               0x000001d3   Thumb Code     0  libinit2.o(.ARM.Collect$$libinit$$00000008)
    __rt_lib_init_lc_collate_1               0x000001d9   Thumb Code     0  libinit2.o(.ARM.Collect$$libinit$$0000000D)
    __rt_lib_init_lc_ctype_2                 0x000001d9   Thumb Code     0  libinit2.o(.ARM.Collect$$libinit$$0000000E)
    __rt_lib_init_alloca_1                   0x000001e5   Thumb Code     0  libinit2.o(.ARM.Collect$$libinit$$0000002A)
    __rt_lib_init_argv_1                     0x000001e5   Thumb Code     0  libinit2.o(.ARM.Collect$$libinit$$00000028)
    __rt_lib_init_atexit_1                   0x000001e5   Thumb Code     0  libinit2.o(.ARM.Collect$$libinit$$00000017)
    __rt_lib_init_clock_1                    0x000001e5   Thumb Code     0  libinit2.o(.ARM.Collect$$libinit$$0000001D)
    __rt_lib_init_cpp_1                      0x000001e5   Thumb Code     0  libinit2.o(.ARM.Collect$$libinit$$0000002E)
    __rt_lib_init_exceptions_1               0x000001e5   Thumb Code     0  libinit2.o(.ARM.Collect$$libinit$$0000002C)
    __rt_lib_init_fp_trap_1                  0x000001e5   Thumb Code     0  libinit2.o(.ARM.Collect$$libinit$$0000001B)
    __rt_lib_init_getenv_1                   0x000001e5   Thumb Code     0  libinit2.o(.ARM.Collect$$libinit$$0000001F)
    __rt_lib_init_lc_ctype_1                 0x000001e5   Thumb Code     0  libinit2.o(.ARM.Collect$$libinit$$0000000F)
    __rt_lib_init_lc_monetary_1              0x000001e5   Thumb Code     0  libinit2.o(.ARM.Collect$$libinit$$00000011)
    __rt_lib_init_lc_numeric_1               0x000001e5   Thumb Code     0  libinit2.o(.ARM.Collect$$libinit$$00000013)
    __rt_lib_init_lc_time_1                  0x000001e5   Thumb Code     0  libinit2.o(.ARM.Collect$$libinit$$00000015)
    __rt_lib_init_return                     0x000001e5   Thumb Code     0  libinit2.o(.ARM.Collect$$libinit$$0000002F)
    __rt_lib_init_signal_1                   0x000001e5   Thumb Code     0  libinit2.o(.ARM.Collect$$libinit$$00000019)
    __rt_lib_init_stdio_1                    0x000001e5   Thumb Code     0  libinit2.o(.ARM.Collect$$libinit$$00000021)
    Inline ARM to Thumb Veneer to __rt_lib_shutdown 0x000001f0   ARM Code       8  libshutdown.o(.ARM.Collect$$libshutdown$$00000000)
    __rt_lib_shutdown                        0x000001f9   Thumb Code     0  libshutdown.o(.ARM.Collect$$libshutdown$$00000000)
    __rt_lib_shutdown_fp_trap_1              0x000001fd   Thumb Code     0  libshutdown2.o(.ARM.Collect$$libshutdown$$00000006)
    __rt_lib_shutdown_heap_1                 0x000001fd   Thumb Code     0  libshutdown2.o(.ARM.Collect$$libshutdown$$0000000E)
    __rt_lib_shutdown_return                 0x000001fd   Thumb Code     0  libshutdown2.o(.ARM.Collect$$libshutdown$$0000000F)
    __rt_lib_shutdown_signal_1               0x000001fd   Thumb Code     0  libshutdown2.o(.ARM.Collect$$libshutdown$$00000009)
    __rt_lib_shutdown_stdio_1                0x000001fd   Thumb Code     0  libshutdown2.o(.ARM.Collect$$libshutdown$$00000003)
    __rt_lib_shutdown_user_alloc_1           0x000001fd   Thumb Code     0  libshutdown2.o(.ARM.Collect$$libshutdown$$0000000B)
    __rt_entry                               0x00000204   ARM Code       0  rtentry.o(.ARM.Collect$$rtentry$$00000000)
    __rt_entry_presh_1                       0x00000204   ARM Code       0  rtentry2.o(.ARM.Collect$$rtentry$$00000002)
    __rt_entry_sh                            0x00000204   ARM Code       0  rtentry4.o(.ARM.Collect$$rtentry$$00000004)
    __rt_entry_li                            0x0000020c   ARM Code       0  rtentry2.o(.ARM.Collect$$rtentry$$0000000A)
    __rt_entry_postsh_1                      0x0000020c   ARM Code       0  rtentry2.o(.ARM.Collect$$rtentry$$00000009)
    __rt_entry_main                          0x00000210   ARM Code       0  rtentry2.o(.ARM.Collect$$rtentry$$0000000D)
    __rt_entry_postli_1                      0x00000210   ARM Code       0  rtentry2.o(.ARM.Collect$$rtentry$$0000000C)
    Inline Thumb to ARM Veneer to __rt_exit  0x00000239   Thumb Code     4  rtexit.o(.ARM.Collect$$rtexit$$00000000)
    __rt_exit                                0x0000023c   ARM Code       0  rtexit.o(.ARM.Collect$$rtexit$$00000000)
    __rt_exit_ls                             0x00000240   ARM Code       0  rtexit2.o(.ARM.Collect$$rtexit$$00000003)
    __rt_exit_prels_1                        0x00000240   ARM Code       0  rtexit2.o(.ARM.Collect$$rtexit$$00000002)
    __rt_exit_exit                           0x00000244   ARM Code       0  rtexit2.o(.ARM.Collect$$rtexit$$00000004)
    __user_initial_stackheap                 0x0000024c   ARM Code       0  startup.o(.text)
    uart0_init                               0x0000026c   ARM Code      60  uart0.o(.text)
    uart0_tx                                 0x000002a8   ARM Code      32  uart0.o(.text)
    uart0_string                             0x000002c8   ARM Code      40  uart0.o(.text)
    uart0_ISR                                0x000002f0   ARM Code     180  uart0.o(.text)
    InitUART1                                0x000003b8   ARM Code     116  uart1.o(.text)
    UART1_isr                                0x00000438   ARM Code     176  rfid.o(.text)
    eint2_ISR                                0x000004f8   ARM Code      44  extint.o(.text)
    eint1_ISR                                0x00000524   ARM Code      40  extint.o(.text)
    eint0_ISR                                0x0000054c   ARM Code      40  extint.o(.text)
    ext_init                                 0x00000574   ARM Code     144  extint.o(.text)
    main                                     0x00000610   ARM Code     204  main.o(.text)
    InitKPM                                  0x000006ec   ARM Code      24  kpm.o(.text)
    ColScan                                  0x00000704   ARM Code      40  kpm.o(.text)
    RowCheck                                 0x0000072c   ARM Code     108  kpm.o(.text)
    ColCheck                                 0x00000798   ARM Code      56  kpm.o(.text)
    KeyScan                                  0x000007d0   ARM Code      60  kpm.o(.text)
    ReadNum                                  0x0000080c   ARM Code     184  kpm.o(.text)
    WriteLCD                                 0x000008cc   ARM Code      84  lcd.o(.text)
    CmdLCD                                   0x00000920   ARM Code      36  lcd.o(.text)
    CharLCD                                  0x00000944   ARM Code      36  lcd.o(.text)
    Init_LCD                                 0x00000968   ARM Code     144  lcd.o(.text)
    StrLCD                                   0x000009f8   ARM Code      40  lcd.o(.text)
    U32LCD                                   0x00000a20   ARM Code     128  lcd.o(.text)
    S32LCD                                   0x00000aa0   ARM Code      44  lcd.o(.text)
    F32LCD                                   0x00000acc   ARM Code     156  lcd.o(.text)
    HEXLCD                                   0x00000b68   ARM Code     128  lcd.o(.text)
    OCTALCD                                  0x00000be8   ARM Code     128  lcd.o(.text)
    BinLCD                                   0x00000c68   ARM Code      56  lcd.o(.text)
    BuildCGRAM                               0x00000ca0   ARM Code      64  lcd.o(.text)
    show_menu                                0x00000ce8   ARM Code      44  menu.o(.text)
    wait_response                            0x00000d28   ARM Code      72  cart.o(.text)
    add_item                                 0x00000d70   ARM Code     428  cart.o(.text)
    delete_item                              0x00000f1c   ARM Code     556  cart.o(.text)
    payment                                  0x00001148   ARM Code     660  cart.o(.text)
    admin_menu                               0x000013dc   ARM Code     212  cart.o(.text)
    delay_us                                 0x000014e4   ARM Code      28  delay.o(.text)
    delay_ms                                 0x00001500   ARM Code      28  delay.o(.text)
    delay_s                                  0x0000151c   ARM Code      28  delay.o(.text)
    Inline ARM to Thumb Veneer to __2sprintf 0x00001540   ARM Code       8  noretval__2sprintf.o(.text)
    __2sprintf                               0x00001549   Thumb Code    36  noretval__2sprintf.o(.text)
    __printf                                 0x00001571   Thumb Code   120  __printf.o(.text)
    _printf_str                              0x000015e9   Thumb Code    88  _printf_str.o(.text)
    Inline ARM to Thumb Veneer to _printf_int_dec 0x00001640   ARM Code       8  _printf_dec.o(.text)
    _printf_int_dec                          0x00001649   Thumb Code    94  _printf_dec.o(.text)
    Inline ARM to Thumb Veneer to __0sscanf  0x000016b8   ARM Code       8  __0sscanf.o(.text)
    __0sscanf                                0x000016c1   Thumb Code    54  __0sscanf.o(.text)
    _scanf_int                               0x00001701   Thumb Code   350  _scanf_int.o(.text)
    Inline ARM to Thumb Veneer to strcpy     0x00001860   ARM Code       8  strcpy.o(.text)
    strcpy                                   0x00001869   Thumb Code    74  strcpy.o(.text)
    __aeabi_memcpy4                          0x000018b8   ARM Code       0  rt_memcpy_w.o(.text)
    __aeabi_memcpy8                          0x000018b8   ARM Code       0  rt_memcpy_w.o(.text)
    __rt_memcpy_w                            0x000018b8   ARM Code     100  rt_memcpy_w.o(.text)
    _memcpy_lastbytes_aligned                0x00001904   ARM Code       0  rt_memcpy_w.o(.text)
    __aeabi_memclr                           0x0000191c   ARM Code       0  rt_memclr.o(.text)
    __rt_memclr                              0x0000191c   ARM Code      64  rt_memclr.o(.text)
    _memset                                  0x00001920   ARM Code       0  rt_memclr.o(.text)
    strcmp                                   0x0000195c   ARM Code     156  strcmp.o(.text)
    __aeabi_idiv                             0x000019fc   ARM Code       0  aeabi_sdiv.o(.text)
    __aeabi_idivmod                          0x000019fc   ARM Code     384  aeabi_sdiv.o(.text)
    __use_two_region_memory                  0x00001b7d   Thumb Code     2  heapauxi.o(.text)
    __rt_heap_escrow$2region                 0x00001b7f   Thumb Code     2  heapauxi.o(.text)
    __rt_heap_expand$2region                 0x00001b81   Thumb Code     2  heapauxi.o(.text)
    _printf_int_common                       0x00001b83   Thumb Code   182  _printf_intcommon.o(.text)
    _printf_char_common                      0x00001c43   Thumb Code    34  _printf_char_common.o(.text)
    _sputc                                   0x00001c69   Thumb Code    10  _sputc.o(.text)
    Inline ARM to Thumb Veneer to _printf_string 0x00001c74   ARM Code       8  _printf_char.o(.text)
    _printf_cs_common                        0x00001c7d   Thumb Code    26  _printf_char.o(.text)
    _printf_char                             0x00001c97   Thumb Code    16  _printf_char.o(.text)
    _printf_string                           0x00001ca7   Thumb Code     8  _printf_char.o(.text)
    _chval                                   0x00001caf   Thumb Code    34  _chval.o(.text)
    __vfscanf_char                           0x00001cdd   Thumb Code    34  scanf_char.o(.text)
    _sgetc                                   0x00001d09   Thumb Code    32  _sgetc.o(.text)
    _sbackspace                              0x00001d29   Thumb Code    38  _sgetc.o(.text)
    __aeabi_memclr4                          0x00001d50   ARM Code       0  rt_memclr_w.o(.text)
    __aeabi_memclr8                          0x00001d50   ARM Code       0  rt_memclr_w.o(.text)
    __rt_memclr_w                            0x00001d50   ARM Code      84  rt_memclr_w.o(.text)
    _memset_w                                0x00001d54   ARM Code       0  rt_memclr_w.o(.text)
    Inline Thumb to ARM Veneer to __rt_udiv10 0x00001da5   Thumb Code     4  rtudiv10.o(.text)
    __rt_udiv10                              0x00001da8   ARM Code      44  rtudiv10.o(.text)
    isspace                                  0x00001dd5   Thumb Code    22  isspace.o(.text)
    __vfscanf                                0x00001ded   Thumb Code   964  _scanf.o(.text)
    __user_setup_stackheap                   0x000021bc   ARM Code      96  sys_stackheap_outer.o(.text)
    Inline Thumb to ARM Veneer to __rt_ctype_table 0x0000221d   Thumb Code     4  rt_ctype_table.o(.text)
    __rt_ctype_table                         0x00002220   ARM Code      24  rt_ctype_table.o(.text)
    exit                                     0x00002239   Thumb Code    12  exit.o(.text)
    __user_libspace                          0x00002244   ARM Code      12  libspace.o(.text)
    __user_perproc_libspace                  0x00002244   ARM Code       0  libspace.o(.text)
    __user_perthread_libspace                0x00002244   ARM Code       0  libspace.o(.text)
    Inline Thumb to ARM Veneer to __rt_locale 0x00002251   Thumb Code     4  rt_locale_intlibspace.o(.text)
    __rt_locale                              0x00002254   ARM Code      16  rt_locale_intlibspace.o(.text)
    Inline ARM to Thumb Veneer to _sys_exit  0x00002264   ARM Code       8  sys_exit.o(.text)
    _sys_exit                                0x0000226d   Thumb Code     8  sys_exit.o(.text)
    __rt_fp_status_addr                      0x00002278   ARM Code      16  rt_fp_status_addr_intlibspace.o(.text)
    __I$use$semihosting                      0x00002288   ARM Code       0  use_no_semi.o(.text)
    __use_no_semihosting_swi                 0x00002288   ARM Code       4  use_no_semi.o(.text)
    __aeabi_uidiv                            0x0000228c   ARM Code       0  aeabi_sdiv.o(.text_udiv)
    __aeabi_uidivmod                         0x0000228c   ARM Code      36  aeabi_sdiv.o(.text_udiv)
    __ARM_common_call_via_r1                 0x000022b1   Thumb Code     2  __printf.o(i.__ARM_common_call_via_r1)
    __ARM_common_call_via_r2                 0x000022b3   Thumb Code     2  __printf.o(i.__ARM_common_call_via_r2)
    Inline Thumb to ARM Veneer to _get_lc_ctype 0x000022b5   Thumb Code     4  lc_ctype_c.o(locale$$code)
    _get_lc_ctype                            0x000022b8   ARM Code      80  lc_ctype_c.o(locale$$code)
    __aeabi_fadd                             0x00002308   ARM Code       0  faddsub_noclz.o(x$fpl$fadd)
    _fadd                                    0x00002308   ARM Code     196  faddsub_noclz.o(x$fpl$fadd)
    __fpl_fcmp_Inf                           0x000023cc   ARM Code      28  fcmpi.o(x$fpl$fcmpinf)
    __aeabi_f2uiz                            0x000023e8   ARM Code       0  ffixu.o(x$fpl$ffixu)
    _ffixu                                   0x000023e8   ARM Code      84  ffixu.o(x$fpl$ffixu)
    __aeabi_i2f                              0x0000243c   ARM Code       0  fflt_noclz.o(x$fpl$fflt)
    _fflt                                    0x0000243c   ARM Code      92  fflt_noclz.o(x$fpl$fflt)
    __fflt_normalise                         0x00002448   ARM Code       0  fflt_noclz.o(x$fpl$fflt)
    __aeabi_ui2f                             0x00002498   ARM Code       0  fflt_noclz.o(x$fpl$ffltu)
    _ffltu                                   0x00002498   ARM Code       8  fflt_noclz.o(x$fpl$ffltu)
    __aeabi_cfcmple                          0x000024a0   ARM Code       0  fleqf.o(x$fpl$fleqf)
    _fcmple                                  0x000024a0   ARM Code     132  fleqf.o(x$fpl$fleqf)
    __fpl_fcmple_InfNaN                      0x0000250c   ARM Code       0  fleqf.o(x$fpl$fleqf)
    __aeabi_fmul                             0x00002524   ARM Code       0  fmul.o(x$fpl$fmul)
    _fmul                                    0x00002524   ARM Code     256  fmul.o(x$fpl$fmul)
    __fpl_fnaninf                            0x00002624   ARM Code     168  fnaninf.o(x$fpl$fnaninf)
    Inline Thumb to ARM Veneer to _fp_init   0x000026cd   Thumb Code     4  fpinit.o(x$fpl$fpinit)
    _fp_init                                 0x000026d0   ARM Code      24  fpinit.o(x$fpl$fpinit)
    __fplib_config_pureend_doubles           0x000026e0   ARM Code       0  fpinit.o(x$fpl$fpinit)
    __fpl_fretinf                            0x000026e8   ARM Code      16  fretinf.o(x$fpl$fretinf)
    __aeabi_frsub                            0x000026f8   ARM Code       0  faddsub_noclz.o(x$fpl$frsb)
    _frsb                                    0x000026f8   ARM Code      20  faddsub_noclz.o(x$fpl$frsb)
    __aeabi_fsub                             0x0000270c   ARM Code       0  faddsub_noclz.o(x$fpl$fsub)
    _fsub                                    0x0000270c   ARM Code     304  faddsub_noclz.o(x$fpl$fsub)
    Region$$Table$$Base                      0x0000283c   Number         0  anon$$obj.o(Region$$Table)
    __I$use$fp                               0x0000283c   ARM Code       0  usenofp.o(x$fpl$usenofp)
    Region$$Table$$Limit                     0x0000285c   Number         0  anon$$obj.o(Region$$Table)
    __ctype                                  0x00002869   Data           0  lc_ctype_c.o(locale$$data)
    rx_index                                 0x40000000   Data           4  uart0.o(.data)
    msg_ready                                0x40000004   Data           4  uart0.o(.data)
    r_flag                                   0x40000008   Data           4  rfid.o(.data)
    state                                    0x40000010   Data           1  main.o(.data)
    kpmLUT                                   0x40000011   Data          16  kpm.o(.data)
    count                                    0x40000024   Data           4  cart.o(.data)
    total                                    0x40000028   Data           4  cart.o(.data)
    rx_buf                                   0x4000002c   Data          50  uart0.o(.bss)
    buff                                     0x4000005e   Data         100  rfid.o(.bss)
    items                                    0x400000c4   Data         480  cart.o(.bss)
    __libspace_start                         0x400002a4   Data          96  libspace.o(.bss)
    __temporary_stack_top$libspace           0x40000304   Data           0  libspace.o(.bss)



==============================================================================

Memory Map of the image

  Image Entry point : 0x00000110

  Load Region LR_IROM1 (Base: 0x00000000, Size: 0x00002998, Max: 0x00080000, ABSOLUTE)

    Execution Region ER_IROM1 (Base: 0x00000000, Size: 0x0000296c, Max: 0x00080000, ABSOLUTE)

    Base Addr    Size         Type   Attr      Idx    E Section Name        Object

    0x00000000   0x00000110   Code   RO            3    RESET               startup.o
    0x00000110   0x00000008   Code   RO          295  * !!!main             c_t.l(__main.o)(c_t.l)
    0x00000118   0x0000003c   Code   RO          531    !!!scatter          c_t.l(__scatter.o)(c_t.l)
    0x00000154   0x00000028   Code   RO          533    !!handler_copy      c_t.l(__scatter_copy.o)(c_t.l)
    0x0000017c   0x0000002c   Code   RO          535    !!handler_zi        c_t.l(__scatter_zi.o)(c_t.l)
    0x000001a8   0x00000004   Ven    RO          264    .ARM.Collect$$_printf_percent$$00000000  c_t.l(_printf_percent.o)(c_t.l)
    0x000001ac   0x00000000   Code   RO          264    .ARM.Collect$$_printf_percent$$00000000  c_t.l(_printf_percent.o)(c_t.l)
    0x000001ac   0x00000008   Code   RO          263    .ARM.Collect$$_printf_percent$$00000009  c_t.l(_printf_d.o)(c_t.l)
    0x000001b4   0x00000008   Code   RO          262    .ARM.Collect$$_printf_percent$$00000014  c_t.l(_printf_s.o)(c_t.l)
    0x000001bc   0x00000008   Code   RO          329    .ARM.Collect$$_printf_percent$$00000017  c_t.l(_printf_percent_end.o)(c_t.l)
    0x000001c4   0x00000008   Ven    RO          393    .ARM.Collect$$libinit$$00000000  c_t.l(libinit.o)(c_t.l)
    0x000001cc   0x00000006   Code   RO          393    .ARM.Collect$$libinit$$00000000  c_t.l(libinit.o)(c_t.l)
    0x000001d2   0x00000000   Code   RO          415    .ARM.Collect$$libinit$$00000006  c_t.l(libinit2.o)(c_t.l)
    0x000001d2   0x00000000   Code   RO          417    .ARM.Collect$$libinit$$00000008  c_t.l(libinit2.o)(c_t.l)
    0x000001d2   0x00000000   Code   RO          419    .ARM.Collect$$libinit$$0000000A  c_t.l(libinit2.o)(c_t.l)
    0x000001d2   0x00000006   Code   RO          420    .ARM.Collect$$libinit$$0000000B  c_t.l(libinit2.o)(c_t.l)
    0x000001d8   0x00000000   Code   RO          422    .ARM.Collect$$libinit$$0000000D  c_t.l(libinit2.o)(c_t.l)
    0x000001d8   0x0000000c   Code   RO          423    .ARM.Collect$$libinit$$0000000E  c_t.l(libinit2.o)(c_t.l)
    0x000001e4   0x00000000   Code   RO          424    .ARM.Collect$$libinit$$0000000F  c_t.l(libinit2.o)(c_t.l)
    0x000001e4   0x00000000   Code   RO          426    .ARM.Collect$$libinit$$00000011  c_t.l(libinit2.o)(c_t.l)
    0x000001e4   0x00000000   Code   RO          428    .ARM.Collect$$libinit$$00000013  c_t.l(libinit2.o)(c_t.l)
    0x000001e4   0x00000000   Code   RO          430    .ARM.Collect$$libinit$$00000015  c_t.l(libinit2.o)(c_t.l)
    0x000001e4   0x00000000   Code   RO          432    .ARM.Collect$$libinit$$00000017  c_t.l(libinit2.o)(c_t.l)
    0x000001e4   0x00000000   Code   RO          434    .ARM.Collect$$libinit$$00000019  c_t.l(libinit2.o)(c_t.l)
    0x000001e4   0x00000000   Code   RO          436    .ARM.Collect$$libinit$$0000001B  c_t.l(libinit2.o)(c_t.l)
    0x000001e4   0x00000000   Code   RO          438    .ARM.Collect$$libinit$$0000001D  c_t.l(libinit2.o)(c_t.l)
    0x000001e4   0x00000000   Code   RO          440    .ARM.Collect$$libinit$$0000001F  c_t.l(libinit2.o)(c_t.l)
    0x000001e4   0x00000000   Code   RO          442    .ARM.Collect$$libinit$$00000021  c_t.l(libinit2.o)(c_t.l)
    0x000001e4   0x00000000   Code   RO          446    .ARM.Collect$$libinit$$00000028  c_t.l(libinit2.o)(c_t.l)
    0x000001e4   0x00000000   Code   RO          448    .ARM.Collect$$libinit$$0000002A  c_t.l(libinit2.o)(c_t.l)
    0x000001e4   0x00000000   Code   RO          450    .ARM.Collect$$libinit$$0000002C  c_t.l(libinit2.o)(c_t.l)
    0x000001e4   0x00000000   Code   RO          452    .ARM.Collect$$libinit$$0000002E  c_t.l(libinit2.o)(c_t.l)
    0x000001e4   0x0000000c   Code   RO          453    .ARM.Collect$$libinit$$0000002F  c_t.l(libinit2.o)(c_t.l)
    0x000001f0   0x00000008   Ven    RO          489    .ARM.Collect$$libshutdown$$00000000  c_t.l(libshutdown.o)(c_t.l)
    0x000001f8   0x00000004   Code   RO          489    .ARM.Collect$$libshutdown$$00000000  c_t.l(libshutdown.o)(c_t.l)
    0x000001fc   0x00000000   Code   RO          516    .ARM.Collect$$libshutdown$$00000003  c_t.l(libshutdown2.o)(c_t.l)
    0x000001fc   0x00000000   Code   RO          519    .ARM.Collect$$libshutdown$$00000006  c_t.l(libshutdown2.o)(c_t.l)
    0x000001fc   0x00000000   Code   RO          522    .ARM.Collect$$libshutdown$$00000009  c_t.l(libshutdown2.o)(c_t.l)
    0x000001fc   0x00000000   Code   RO          524    .ARM.Collect$$libshutdown$$0000000B  c_t.l(libshutdown2.o)(c_t.l)
    0x000001fc   0x00000000   Code   RO          527    .ARM.Collect$$libshutdown$$0000000E  c_t.l(libshutdown2.o)(c_t.l)
    0x000001fc   0x00000006   Code   RO          528    .ARM.Collect$$libshutdown$$0000000F  c_t.l(libshutdown2.o)(c_t.l)
    0x00000202   0x00000002   PAD
    0x00000204   0x00000000   Code   RO          315    .ARM.Collect$$rtentry$$00000000  c_t.l(rtentry.o)(c_t.l)
    0x00000204   0x00000000   Code   RO          348    .ARM.Collect$$rtentry$$00000002  c_t.l(rtentry2.o)(c_t.l)
    0x00000204   0x00000008   Code   RO          363    .ARM.Collect$$rtentry$$00000004  c_t.l(rtentry4.o)(c_t.l)
    0x0000020c   0x00000000   Code   RO          350    .ARM.Collect$$rtentry$$00000009  c_t.l(rtentry2.o)(c_t.l)
    0x0000020c   0x00000004   Code   RO          351    .ARM.Collect$$rtentry$$0000000A  c_t.l(rtentry2.o)(c_t.l)
    0x00000210   0x00000000   Code   RO          353    .ARM.Collect$$rtentry$$0000000C  c_t.l(rtentry2.o)(c_t.l)
    0x00000210   0x00000028   Code   RO          354    .ARM.Collect$$rtentry$$0000000D  c_t.l(rtentry2.o)(c_t.l)
    0x00000238   0x00000004   Ven    RO          397    .ARM.Collect$$rtexit$$00000000  c_t.l(rtexit.o)(c_t.l)
    0x0000023c   0x00000004   Code   RO          397    .ARM.Collect$$rtexit$$00000000  c_t.l(rtexit.o)(c_t.l)
    0x00000240   0x00000000   Code   RO          459    .ARM.Collect$$rtexit$$00000002  c_t.l(rtexit2.o)(c_t.l)
    0x00000240   0x00000004   Code   RO          460    .ARM.Collect$$rtexit$$00000003  c_t.l(rtexit2.o)(c_t.l)
    0x00000244   0x00000008   Code   RO          461    .ARM.Collect$$rtexit$$00000004  c_t.l(rtexit2.o)(c_t.l)
    0x0000024c   0x00000020   Code   RO            4    .text               startup.o
    0x0000026c   0x0000014c   Code   RO           11    .text               uart0.o
    0x000003b8   0x00000080   Code   RO           37    .text               uart1.o
    0x00000438   0x000000c0   Code   RO           53    .text               rfid.o
    0x000004f8   0x00000118   Code   RO           72    .text               extint.o
    0x00000610   0x000000dc   Code   RO           97    .text               main.o
    0x000006ec   0x000001e0   Code   RO          145    .text               kpm.o
    0x000008cc   0x0000041c   Code   RO          169    .text               lcd.o
    0x00000ce8   0x00000040   Code   RO          184    .text               menu.o
    0x00000d28   0x000007bc   Code   RO          196    .text               cart.o
    0x000014e4   0x0000005c   Code   RO          219    .text               delay.o
    0x00001540   0x00000008   Ven    RO          232    .text               c_t.l(noretval__2sprintf.o)(c_t.l)
    0x00001548   0x00000028   Code   RO          232    .text               c_t.l(noretval__2sprintf.o)(c_t.l)
    0x00001570   0x00000078   Code   RO          234    .text               c_t.l(__printf.o)(c_t.l)
    0x000015e8   0x00000058   Code   RO          240    .text               c_t.l(_printf_str.o)(c_t.l)
    0x00001640   0x00000008   Ven    RO          242    .text               c_t.l(_printf_dec.o)(c_t.l)
    0x00001648   0x00000070   Code   RO          242    .text               c_t.l(_printf_dec.o)(c_t.l)
    0x000016b8   0x00000008   Ven    RO          265    .text               c_t.l(__0sscanf.o)(c_t.l)
    0x000016c0   0x00000040   Code   RO          265    .text               c_t.l(__0sscanf.o)(c_t.l)
    0x00001700   0x0000015e   Code   RO          267    .text               c_t.l(_scanf_int.o)(c_t.l)
    0x0000185e   0x00000002   PAD
    0x00001860   0x00000008   Ven    RO          269    .text               c_t.l(strcpy.o)(c_t.l)
    0x00001868   0x00000050   Code   RO          269    .text               c_t.l(strcpy.o)(c_t.l)
    0x000018b8   0x00000064   Code   RO          271    .text               c_t.l(rt_memcpy_w.o)(c_t.l)
    0x0000191c   0x00000040   Code   RO          273    .text               c_t.l(rt_memclr.o)(c_t.l)
    0x0000195c   0x000000a0   Code   RO          275    .text               c_t.l(strcmp.o)(c_t.l)
    0x000019fc   0x00000180   Code   RO          277    .text               c_t.l(aeabi_sdiv.o)(c_t.l)
    0x00001b7c   0x00000006   Code   RO          293    .text               c_t.l(heapauxi.o)(c_t.l)
    0x00001b82   0x000000b6   Code   RO          321    .text               c_t.l(_printf_intcommon.o)(c_t.l)
    0x00001c38   0x00000030   Code   RO          323    .text               c_t.l(_printf_char_common.o)(c_t.l)
    0x00001c68   0x0000000a   Code   RO          325    .text               c_t.l(_sputc.o)(c_t.l)
    0x00001c72   0x00000002   PAD
    0x00001c74   0x00000008   Ven    RO          327    .text               c_t.l(_printf_char.o)(c_t.l)
    0x00001c7c   0x00000032   Code   RO          327    .text               c_t.l(_printf_char.o)(c_t.l)
    0x00001cae   0x00000022   Code   RO          330    .text               c_t.l(_chval.o)(c_t.l)
    0x00001cd0   0x00000038   Code   RO          332    .text               c_t.l(scanf_char.o)(c_t.l)
    0x00001d08   0x00000046   Code   RO          334    .text               c_t.l(_sgetc.o)(c_t.l)
    0x00001d4e   0x00000002   PAD
    0x00001d50   0x00000054   Code   RO          336    .text               c_t.l(rt_memclr_w.o)(c_t.l)
    0x00001da4   0x00000004   Ven    RO          338    .text               c_t.l(rtudiv10.o)(c_t.l)
    0x00001da8   0x0000002c   Code   RO          338    .text               c_t.l(rtudiv10.o)(c_t.l)
    0x00001dd4   0x00000016   Code   RO          367    .text               c_t.l(isspace.o)(c_t.l)
    0x00001dea   0x00000002   PAD
    0x00001dec   0x000003d0   Code   RO          375    .text               c_t.l(_scanf.o)(c_t.l)
    0x000021bc   0x00000060   Code   RO          377    .text               c_t.l(sys_stackheap_outer.o)(c_t.l)
    0x0000221c   0x00000004   Ven    RO          379    .text               c_t.l(rt_ctype_table.o)(c_t.l)
    0x00002220   0x00000018   Code   RO          379    .text               c_t.l(rt_ctype_table.o)(c_t.l)
    0x00002238   0x0000000c   Code   RO          381    .text               c_t.l(exit.o)(c_t.l)
    0x00002244   0x0000000c   Code   RO          394    .text               c_t.l(libspace.o)(c_t.l)
    0x00002250   0x00000004   Ven    RO          404    .text               c_t.l(rt_locale_intlibspace.o)(c_t.l)
    0x00002254   0x00000010   Code   RO          404    .text               c_t.l(rt_locale_intlibspace.o)(c_t.l)
    0x00002264   0x00000008   Ven    RO          456    .text               c_t.l(sys_exit.o)(c_t.l)
    0x0000226c   0x0000000c   Code   RO          456    .text               c_t.l(sys_exit.o)(c_t.l)
    0x00002278   0x00000010   Code   RO          469    .text               c_t.l(rt_fp_status_addr_intlibspace.o)(c_t.l)
    0x00002288   0x00000004   Code   RO          479    .text               c_t.l(use_no_semi.o)(c_t.l)
    0x0000228c   0x00000024   Code   RO          278    .text_udiv          c_t.l(aeabi_sdiv.o)(c_t.l)
    0x000022b0   0x00000002   Code   RO          238    i.__ARM_common_call_via_r1  c_t.l(__printf.o)(c_t.l)
    0x000022b2   0x00000002   Code   RO          236    i.__ARM_common_call_via_r2  c_t.l(__printf.o)(c_t.l)
    0x000022b4   0x00000004   Ven    RO          407    locale$$code        c_t.l(lc_ctype_c.o)(c_t.l)
    0x000022b8   0x00000050   Code   RO          407    locale$$code        c_t.l(lc_ctype_c.o)(c_t.l)
    0x00002308   0x000000c4   Code   RO          297    x$fpl$fadd          fz_ts.l(faddsub_noclz.o)(fz_ts.l)
    0x000023cc   0x0000001c   Code   RO          340    x$fpl$fcmpinf       fz_ts.l(fcmpi.o)(fz_ts.l)
    0x000023e8   0x00000054   Code   RO          303    x$fpl$ffixu         fz_ts.l(ffixu.o)(fz_ts.l)
    0x0000243c   0x0000005c   Code   RO          308    x$fpl$fflt          fz_ts.l(fflt_noclz.o)(fz_ts.l)
    0x00002498   0x00000008   Code   RO          307    x$fpl$ffltu         fz_ts.l(fflt_noclz.o)(fz_ts.l)
    0x000024a0   0x00000084   Code   RO          311    x$fpl$fleqf         fz_ts.l(fleqf.o)(fz_ts.l)
    0x00002524   0x00000100   Code   RO          313    x$fpl$fmul          fz_ts.l(fmul.o)(fz_ts.l)
    0x00002624   0x000000a8   Code   RO          342    x$fpl$fnaninf       fz_ts.l(fnaninf.o)(fz_ts.l)
    0x000026cc   0x00000004   Ven    RO          454    x$fpl$fpinit        fz_ts.l(fpinit.o)(fz_ts.l)
    0x000026d0   0x00000018   Code   RO          454    x$fpl$fpinit        fz_ts.l(fpinit.o)(fz_ts.l)
    0x000026e8   0x00000010   Code   RO          344    x$fpl$fretinf       fz_ts.l(fretinf.o)(fz_ts.l)
    0x000026f8   0x00000014   Code   RO          298    x$fpl$frsb          fz_ts.l(faddsub_noclz.o)(fz_ts.l)
    0x0000270c   0x00000130   Code   RO          299    x$fpl$fsub          fz_ts.l(faddsub_noclz.o)(fz_ts.l)
    0x0000283c   0x00000000   Code   RO          346    x$fpl$usenofp       fz_ts.l(usenofp.o)(fz_ts.l)
    0x0000283c   0x00000020   Data   RO          529    Region$$Table       anon$$obj.o
    0x0000285c   0x00000110   Data   RO          406    locale$$data        c_t.l(lc_ctype_c.o)(c_t.l)


    Execution Region RW_IRAM1 (Base: 0x40000000, Size: 0x00000790, Max: 0x00008000, ABSOLUTE)

    Base Addr    Size         Type   Attr      Idx    E Section Name        Object

    0x40000000   0x00000008   Data   RW           13    .data               uart0.o
    0x40000008   0x00000008   Data   RW           55    .data               rfid.o
    0x40000010   0x00000001   Data   RW           98    .data               main.o
    0x40000011   0x00000010   Data   RW          146    .data               kpm.o
    0x40000021   0x00000003   PAD
    0x40000024   0x00000008   Data   RW          198    .data               cart.o
    0x4000002c   0x00000032   Zero   RW           12    .bss                uart0.o
    0x4000005e   0x00000064   Zero   RW           54    .bss                rfid.o
    0x400000c2   0x00000002   PAD
    0x400000c4   0x000001e0   Zero   RW          197    .bss                cart.o
    0x400002a4   0x00000060   Zero   RW          395    .bss                c_t.l(libspace.o)(c_t.l)
    0x40000304   0x00000004   PAD
    0x40000308   0x00000000   Zero   RW            2    HEAP                startup.o
    0x40000308   0x00000488   Zero   RW            1    STACK               startup.o


==============================================================================

Image component sizes


      Code (inc. data)   RO Data    RW Data    ZI Data      Debug   Object Name

      1980        372          0          8        480          0   cart.o
        92          8          0          0          0          0   delay.o
       280         12          0          0          0          0   extint.o
       480          8          0         16          0          0   kpm.o
      1052          8          0          0          0          0   lcd.o
       220         16          0          1          0          0   main.o
        64         20          0          0          0          0   menu.o
       192         16          0          8        100          0   rfid.o
       304         60          0          0       1160          0   startup.o
       332         20          0          8         50          0   uart0.o
       128         12          0          0          0          0   uart1.o

    ----------------------------------------------------------------------
      5124        552         32         44       1792          0   Object Totals
         0          0         32          0          0          0   (incl. Generated)
         0          0          0          3          2          0   (incl. Padding)

    ----------------------------------------------------------------------

      Code (inc. data)   RO Data    RW Data    ZI Data      Debug   Library Member Name

        72         10          0          0          0          0   __0sscanf.o
         8          0          0          0          0          0   __main.o
       124          0          0          0          0          0   __printf.o
        60          8          0          0          0          0   __scatter.o
        40          0          0          0          0          0   __scatter_copy.o
        44          0          0          0          0          0   __scatter_zi.o
        34          0          0          0          0          0   _chval.o
        58          0          0          0          0          0   _printf_char.o
        48          4          0          0          0          0   _printf_char_common.o
         8          0          0          0          0          0   _printf_d.o
       120         18          0          0          0          0   _printf_dec.o
       182          0          0          0          0          0   _printf_intcommon.o
         4          0          0          0          0          0   _printf_percent.o
         8          0          0          0          0          0   _printf_percent_end.o
         8          0          0          0          0          0   _printf_s.o
        88          0          0          0          0          0   _printf_str.o
       976         12          0          0          0          0   _scanf.o
       350          0          0          0          0          0   _scanf_int.o
        70          0          0          0          0          0   _sgetc.o
        10          0          0          0          0          0   _sputc.o
       420          0          0          0          0          0   aeabi_sdiv.o
        12          0          0          0          0          0   exit.o
         6          0          0          0          0          0   heapauxi.o
        22          0          0          0          0          0   isspace.o
        84          8        272          0          0          0   lc_ctype_c.o
        14          0          0          0          0          0   libinit.o
        30          0          0          0          0          0   libinit2.o
        12          0          0          0          0          0   libshutdown.o
         6          0          0          0          0          0   libshutdown2.o
        12          4          0          0         96          0   libspace.o
        48          4          0          0          0          0   noretval__2sprintf.o
        28          4          0          0          0          0   rt_ctype_table.o
        16          4          0          0          0          0   rt_fp_status_addr_intlibspace.o
        20          4          0          0          0          0   rt_locale_intlibspace.o
        64          0          0          0          0          0   rt_memclr.o
        84          0          0          0          0          0   rt_memclr_w.o
       100          0          0          0          0          0   rt_memcpy_w.o
         0          0          0          0          0          0   rtentry.o
        44          4          0          0          0          0   rtentry2.o
         8          0          0          0          0          0   rtentry4.o
         8          0          0          0          0          0   rtexit.o
        12          0          0          0          0          0   rtexit2.o
        48          0          0          0          0          0   rtudiv10.o
        56         10          0          0          0          0   scanf_char.o
       160          4          0          0          0          0   strcmp.o
        88          6          0          0          0          0   strcpy.o
        20          4          0          0          0          0   sys_exit.o
        96          0          0          0          0          0   sys_stackheap_outer.o
         4          0          0          0          0          0   use_no_semi.o
       520          8          0          0          0          0   faddsub_noclz.o
        28          0          0          0          0          0   fcmpi.o
        84          4          0          0          0          0   ffixu.o
       100          0          0          0          0          0   fflt_noclz.o
       132          4          0          0          0          0   fleqf.o
       256          4          0          0          0          0   fmul.o
       168          0          0          0          0          0   fnaninf.o
        28          0          0          0          0          0   fpinit.o
        16          0          0          0          0          0   fretinf.o
         0          0          0          0          0          0   usenofp.o

    ----------------------------------------------------------------------
      5176        128        272          0        100          0   Library Totals
        10          0          0          0          4          0   (incl. Padding)

    ----------------------------------------------------------------------

      Code (inc. data)   RO Data    RW Data    ZI Data      Debug   Library Name

      3834        108        272          0         96       2876   c_t.l
      1332         20          0          0          0        940   fz_ts.l

    ----------------------------------------------------------------------
      5176        128        272          0        100          0   Library Totals

    ----------------------------------------------------------------------

==============================================================================


      Code (inc. data)   RO Data    RW Data    ZI Data      Debug   

     10300        680        304         44       1892      16568   Grand Totals
     10300        680        304         44       1892      16568   ELF Image Totals
     10300        680        304         44          0          0   ROM Totals

==============================================================================

    Total RO  Size (Code + RO Data)                10604 (  10.36kB)
    Total RW  Size (RW Data + ZI Data)              1936 (   1.89kB)
    Total ROM Size (Code + RO Data + RW Data)      10648 (  10.40kB)

==============================================================================

